Archive member included to satisfy reference by file (symbol)

/home/nik/intelFPGA/nios2eds/bin/gnu/H-x86_64-pc-linux-gnu/bin/../lib/gcc/nios2-elf/9.2.1/../../../../../H-x86_64-pc-linux-gnu/nios2-elf/lib/libm.a(lib_a-s_round.o)
                              obj/default/hello_world.o (round)
/home/nik/intelFPGA/nios2eds/bin/gnu/H-x86_64-pc-linux-gnu/bin/../lib/gcc/nios2-elf/9.2.1/libgcc.a(lib2-divmod.o)
                              obj/default/hello_world.o (__divsi3)
/home/nik/intelFPGA/nios2eds/bin/gnu/H-x86_64-pc-linux-gnu/bin/../lib/gcc/nios2-elf/9.2.1/libgcc.a(addsf3.o)
                              obj/default/hello_world.o (__addsf3)
/home/nik/intelFPGA/nios2eds/bin/gnu/H-x86_64-pc-linux-gnu/bin/../lib/gcc/nios2-elf/9.2.1/libgcc.a(mulsf3.o)
                              obj/default/hello_world.o (__mulsf3)
/home/nik/intelFPGA/nios2eds/bin/gnu/H-x86_64-pc-linux-gnu/bin/../lib/gcc/nios2-elf/9.2.1/libgcc.a(fixsfsi.o)
                              obj/default/hello_world.o (__fixsfsi)
/home/nik/intelFPGA/nios2eds/bin/gnu/H-x86_64-pc-linux-gnu/bin/../lib/gcc/nios2-elf/9.2.1/libgcc.a(floatsisf.o)
                              obj/default/hello_world.o (__floatsisf)
/home/nik/intelFPGA/nios2eds/bin/gnu/H-x86_64-pc-linux-gnu/bin/../lib/gcc/nios2-elf/9.2.1/libgcc.a(adddf3.o)
                              /home/nik/intelFPGA/nios2eds/bin/gnu/H-x86_64-pc-linux-gnu/bin/../lib/gcc/nios2-elf/9.2.1/../../../../../H-x86_64-pc-linux-gnu/nios2-elf/lib/libm.a(lib_a-s_round.o) (__adddf3)
/home/nik/intelFPGA/nios2eds/bin/gnu/H-x86_64-pc-linux-gnu/bin/../lib/gcc/nios2-elf/9.2.1/libgcc.a(fixdfsi.o)
                              obj/default/hello_world.o (__fixdfsi)
/home/nik/intelFPGA/nios2eds/bin/gnu/H-x86_64-pc-linux-gnu/bin/../lib/gcc/nios2-elf/9.2.1/libgcc.a(floatsidf.o)
                              obj/default/hello_world.o (__floatsidf)
/home/nik/intelFPGA/nios2eds/bin/gnu/H-x86_64-pc-linux-gnu/bin/../lib/gcc/nios2-elf/9.2.1/libgcc.a(extendsfdf2.o)
                              obj/default/hello_world.o (__extendsfdf2)
/home/nik/intelFPGA/nios2eds/bin/gnu/H-x86_64-pc-linux-gnu/bin/../lib/gcc/nios2-elf/9.2.1/libgcc.a(truncdfsf2.o)
                              obj/default/hello_world.o (__truncdfsf2)
/home/nik/intelFPGA/nios2eds/bin/gnu/H-x86_64-pc-linux-gnu/bin/../lib/gcc/nios2-elf/9.2.1/libgcc.a(_clzsi2.o)
                              /home/nik/intelFPGA/nios2eds/bin/gnu/H-x86_64-pc-linux-gnu/bin/../lib/gcc/nios2-elf/9.2.1/libgcc.a(addsf3.o) (__clzsi2)
/home/nik/intelFPGA/nios2eds/bin/gnu/H-x86_64-pc-linux-gnu/bin/../lib/gcc/nios2-elf/9.2.1/libgcc.a(_clz.o)
                              /home/nik/intelFPGA/nios2eds/bin/gnu/H-x86_64-pc-linux-gnu/bin/../lib/gcc/nios2-elf/9.2.1/libgcc.a(_clzsi2.o) (__clz_tab)
/home/nik/intelFPGA/nios2eds/bin/gnu/H-x86_64-pc-linux-gnu/bin/../lib/gcc/nios2-elf/9.2.1/../../../../../H-x86_64-pc-linux-gnu/nios2-elf/lib/libc.a(lib_a-atof.o)
                              obj/default/hello_world.o (atof)
/home/nik/intelFPGA/nios2eds/bin/gnu/H-x86_64-pc-linux-gnu/bin/../lib/gcc/nios2-elf/9.2.1/../../../../../H-x86_64-pc-linux-gnu/nios2-elf/lib/libc.a(lib_a-fopen.o)
                              obj/default/hello_world.o (fopen)
/home/nik/intelFPGA/nios2eds/bin/gnu/H-x86_64-pc-linux-gnu/bin/../lib/gcc/nios2-elf/9.2.1/../../../../../H-x86_64-pc-linux-gnu/nios2-elf/lib/libc.a(lib_a-fprintf.o)
                              obj/default/hello_world.o (fprintf)
/home/nik/intelFPGA/nios2eds/bin/gnu/H-x86_64-pc-linux-gnu/bin/../lib/gcc/nios2-elf/9.2.1/../../../../../H-x86_64-pc-linux-gnu/nios2-elf/lib/libc.a(lib_a-fseek.o)
                              /home/nik/intelFPGA/nios2eds/bin/gnu/H-x86_64-pc-linux-gnu/bin/../lib/gcc/nios2-elf/9.2.1/../../../../../H-x86_64-pc-linux-gnu/nios2-elf/lib/libc.a(lib_a-fopen.o) (_fseek_r)
/home/nik/intelFPGA/nios2eds/bin/gnu/H-x86_64-pc-linux-gnu/bin/../lib/gcc/nios2-elf/9.2.1/../../../../../H-x86_64-pc-linux-gnu/nios2-elf/lib/libc.a(lib_a-fseeko.o)
                              /home/nik/intelFPGA/nios2eds/bin/gnu/H-x86_64-pc-linux-gnu/bin/../lib/gcc/nios2-elf/9.2.1/../../../../../H-x86_64-pc-linux-gnu/nios2-elf/lib/libc.a(lib_a-fseek.o) (_fseeko_r)
/home/nik/intelFPGA/nios2eds/bin/gnu/H-x86_64-pc-linux-gnu/bin/../lib/gcc/nios2-elf/9.2.1/../../../../../H-x86_64-pc-linux-gnu/nios2-elf/lib/libc.a(lib_a-fstatr.o)
                              /home/nik/intelFPGA/nios2eds/bin/gnu/H-x86_64-pc-linux-gnu/bin/../lib/gcc/nios2-elf/9.2.1/../../../../../H-x86_64-pc-linux-gnu/nios2-elf/lib/libc.a(lib_a-fseeko.o) (_fstat_r)
/home/nik/intelFPGA/nios2eds/bin/gnu/H-x86_64-pc-linux-gnu/bin/../lib/gcc/nios2-elf/9.2.1/../../../../../H-x86_64-pc-linux-gnu/nios2-elf/lib/libc.a(lib_a-getc.o)
                              obj/default/hello_world.o (getc)
/home/nik/intelFPGA/nios2eds/bin/gnu/H-x86_64-pc-linux-gnu/bin/../lib/gcc/nios2-elf/9.2.1/../../../../../H-x86_64-pc-linux-gnu/nios2-elf/lib/libc.a(lib_a-impure.o)
[...]
Memory Configuration

Name             Origin             Length             Attributes
reset            0x0000000000020000 0x0000000000000020
onchip_memory    0x0000000000020020 0x000000000001ffe0
*default*        0x0000000000000000 0xffffffffffffffff

Linker script and memory map

LOAD /home/nik/eie/ip/lab4/jtag-uart-test/software/hello_sw_bsp//obj/HAL/src/crt0.o
LOAD obj/default/hello_world.o
LOAD /home/nik/intelFPGA/nios2eds/bin/gnu/H-x86_64-pc-linux-gnu/bin/../lib/gcc/nios2-elf/9.2.1/../../../../../H-x86_64-pc-linux-gnu/nios2-elf/lib/libstdc++.a
LOAD /home/nik/intelFPGA/nios2eds/bin/gnu/H-x86_64-pc-linux-gnu/bin/../lib/gcc/nios2-elf/9.2.1/../../../../../H-x86_64-pc-linux-gnu/nios2-elf/lib/libm.a
LOAD /home/nik/intelFPGA/nios2eds/bin/gnu/H-x86_64-pc-linux-gnu/bin/../lib/gcc/nios2-elf/9.2.1/libgcc.a
START GROUP
LOAD /home/nik/intelFPGA/nios2eds/bin/gnu/H-x86_64-pc-linux-gnu/bin/../lib/gcc/nios2-elf/9.2.1/../../../../../H-x86_64-pc-linux-gnu/nios2-elf/lib/libc.a
LOAD /home/nik/intelFPGA/nios2eds/bin/gnu/H-x86_64-pc-linux-gnu/bin/../lib/gcc/nios2-elf/9.2.1/libgcc.a
LOAD /home/nik/eie/ip/lab4/jtag-uart-test/software/hello_sw_bsp//libhal_bsp.a
LOAD /home/nik/intelFPGA/nios2eds/bin/gnu/H-x86_64-pc-linux-gnu/bin/../lib/gcc/nios2-elf/9.2.1/../../../../../H-x86_64-pc-linux-gnu/nios2-elf/lib/libm.a
END GROUP
LOAD /home/nik/intelFPGA/nios2eds/bin/gnu/H-x86_64-pc-linux-gnu/bin/../lib/gcc/nios2-elf/9.2.1/libgcc.a
                0x0000000000020000                __alt_mem_onchip_memory = 0x20000

.entry          0x0000000000020000       0x20
 *(.entry)
 .entry         0x0000000000020000       0x20 /home/nik/eie/ip/lab4/jtag-uart-test/software/hello_sw_bsp//obj/HAL/src/crt0.o
                0x0000000000020000                __reset

.exceptions     0x0000000000020020      0x21c
                0x0000000000020020                PROVIDE (__ram_exceptions_start = ABSOLUTE (.))
                0x0000000000020020                . = ALIGN (0x20)
 *(.irq)
 *(.exceptions.entry.label)
 .exceptions.entry.label
                0x0000000000020020        0x0 /home/nik/eie/ip/lab4/jtag-uart-test/software/hello_sw_bsp//libhal_bsp.a(alt_irq_entry.o)
                0x0000000000020020                alt_irq_entry
 .exceptions.entry.label
                0x0000000000020020        0x0 /home/nik/eie/ip/lab4/jtag-uart-test/software/hello_sw_bsp//libhal_bsp.a(alt_exception_entry.o)
                0x0000000000020020                alt_exception
 *(.exceptions.entry.user)
 *(.exceptions.entry.ecc_fatal)
 *(.exceptions.entry)
 .exceptions.entry
                0x0000000000020020       0x54 /home/nik/eie/ip/lab4/jtag-uart-test/software/hello_sw_bsp//libhal_bsp.a(alt_exception_entry.o)
 *(.exceptions.irqtest.user)
 *(.exceptions.irqtest)
 .exceptions.irqtest
                0x0000000000020074       0x10 /home/nik/eie/ip/lab4/jtag-uart-test/software/hello_sw_bsp//libhal_bsp.a(alt_irq_entry.o)
 *(.exceptions.irqhandler.user)
 *(.exceptions.irqhandler)
 .exceptions.irqhandler
                0x0000000000020084        0x4 /home/nik/eie/ip/lab4/jtag-uart-test/software/hello_sw_bsp//libhal_bsp.a(alt_irq_entry.o)
 *(.exceptions.irqreturn.user)
 *(.exceptions.irqreturn)
 .exceptions.irqreturn
                0x0000000000020088        0x4 /home/nik/eie/ip/lab4/jtag-uart-test/software/hello_sw_bsp//libhal_bsp.a(alt_irq_entry.o)
 *(.exceptions.notirq.label)
 .exceptions.notirq.label
                0x000000000002008c        0x0 /home/nik/eie/ip/lab4/jtag-uart-test/software/hello_sw_bsp//libhal_bsp.a(alt_irq_entry.o)
 *(.exceptions.notirq.user)
 *(.exceptions.notirq)
 .exceptions.notirq
                0x000000000002008c        0x8 /home/nik/eie/ip/lab4/jtag-uart-test/software/hello_sw_bsp//libhal_bsp.a(alt_exception_entry.o)
 *(.exceptions.soft.user)
 *(.exceptions.soft)
 *(.exceptions.unknown.user)
 *(.exceptions.unknown)
 .exceptions.unknown
                0x0000000000020094       0x14 /home/nik/eie/ip/lab4/jtag-uart-test/software/hello_sw_bsp//libhal_bsp.a(alt_exception_entry.o)
 *(.exceptions.exit.label)
 .exceptions.exit.label
                0x00000000000200a8        0x0 /home/nik/eie/ip/lab4/jtag-uart-test/software/hello_sw_bsp//libhal_bsp.a(alt_irq_entry.o)
 .exceptions.exit.label
                0x00000000000200a8        0x0 /home/nik/eie/ip/lab4/jtag-uart-test/software/hello_sw_bsp//libhal_bsp.a(alt_exception_entry.o)
 *(.exceptions.exit.user)
 *(.exceptions.exit)
 .exceptions.exit
                0x00000000000200a8       0x54 /home/nik/eie/ip/lab4/jtag-uart-test/software/hello_sw_bsp//libhal_bsp.a(alt_exception_entry.o)
 *(.exceptions)
 .exceptions    0x00000000000200fc       0xcc /home/nik/eie/ip/lab4/jtag-uart-test/software/hello_sw_bsp//libhal_bsp.a(alt_irq_handler.o)
                0x00000000000200fc                alt_irq_handler
 .exceptions    0x00000000000201c8       0x74 /home/nik/eie/ip/lab4/jtag-uart-test/software/hello_sw_bsp//libhal_bsp.a(alt_instruction_exception_entry.o)
                0x00000000000201c8                alt_instruction_exception_entry
                0x000000000002023c                PROVIDE (__ram_exceptions_end = ABSOLUTE (.))
                0x0000000000020020                PROVIDE (__flash_exceptions_start = LOADADDR (.exceptions))

.text           0x000000000002023c    0x1440c
                [!provide]                        PROVIDE (stext = ABSOLUTE (.))
 *(.interp)
 *(.hash)
 *(.dynsym)
 *(.dynstr)
 *(.gnu.version)
 *(.gnu.version_d)
 *(.gnu.version_r)
 *(.rel.init)
 *(.rela.init)
 *(.rel.text .rel.text.* .rel.gnu.linkonce.t.*)
 *(.rela.text .rela.text.* .rela.gnu.linkonce.t.*)
 *(.rel.fini)
 *(.rela.fini)
 *(.rel.rodata .rel.rodata.* .rel.gnu.linkonce.r.*)
 *(.rela.rodata .rela.rodata.* .rela.gnu.linkonce.r.*)
 *(.rel.data .rel.data.* .rel.gnu.linkonce.d.*)
 *(.rela.data .rela.data.* .rela.gnu.linkonce.d.*)
 *(.rel.tdata .rel.tdata.* .rel.gnu.linkonce.td.*)
 *(.rela.tdata .rela.tdata.* .rela.gnu.linkonce.td.*)
 *(.rel.tbss .rel.tbss.* .rel.gnu.linkonce.tb.*)
 *(.rela.tbss .rela.tbss.* .rela.gnu.linkonce.tb.*)
 *(.rel.ctors)
 *(.rela.ctors)
 *(.rel.dtors)
 *(.rela.dtors)
 *(.rel.got)
 *(.rela.got)
 *(.rel.sdata .rel.sdata.* .rel.gnu.linkonce.s.*)
 *(.rela.sdata .rela.sdata.* .rela.gnu.linkonce.s.*)
 *(.rel.sbss .rel.sbss.* .rel.gnu.linkonce.sb.*)
 *(.rela.sbss .rela.sbss.* .rela.gnu.linkonce.sb.*)
 *(.rel.sdata2 .rel.sdata2.* .rel.gnu.linkonce.s2.*)
 *(.rela.sdata2 .rela.sdata2.* .rela.gnu.linkonce.s2.*)
 *(.rel.sbss2 .rel.sbss2.* .rel.gnu.linkonce.sb2.*)
 *(.rela.sbss2 .rela.sbss2.* .rela.gnu.linkonce.sb2.*)
 *(.rel.bss .rel.bss.* .rel.gnu.linkonce.b.*)
 *(.rela.bss .rela.bss.* .rela.gnu.linkonce.b.*)
 *(.rel.plt)
 *(.rela.plt)
 *(.rel.dyn)
 *(.init)
 *(.plt)
 *(.text .stub .text.* .gnu.linkonce.t.*)
 .text          0x000000000002023c       0x4c /home/nik/eie/ip/lab4/jtag-uart-test/software/hello_sw_bsp//obj/HAL/src/crt0.o
                0x000000000002023c                _start
 .text          0x0000000000020288      0xa40 obj/default/hello_world.o
                0x0000000000020288                led_write
                0x00000000000202bc                convert_read
                0x000000000002034c                sys_timer_isr
                0x0000000000020418                timer_init
                0x0000000000020494                fir
                0x0000000000020564                fir_quantized
                0x0000000000020630                main
 .text          0x0000000000020cc8        0x0 /home/nik/intelFPGA/nios2eds/bin/gnu/H-x86_64-pc-linux-gnu/bin/../lib/gcc/nios2-elf/9.2.1/../../../../../H-x86_64-pc-linux-gnu/nios2-elf/lib/libm.a(lib_a-s_round.o)
 .text.round    0x0000000000020cc8       0xe4 /home/nik/intelFPGA/nios2eds/bin/gnu/H-x86_64-pc-linux-gnu/bin/../lib/gcc/nios2-elf/9.2.1/../../../../../H-x86_64-pc-linux-gnu/nios2-elf/lib/libm.a(lib_a-s_round.o)
                0x0000000000020cc8                round
 .text          0x0000000000020dac      0x1b4 /home/nik/intelFPGA/nios2eds/bin/gnu/H-x86_64-pc-linux-gnu/bin/../lib/gcc/nios2-elf/9.2.1/libgcc.a(lib2-divmod.o)
                0x0000000000020dac                __divsi3
                0x0000000000020e2c                __modsi3
                0x0000000000020ea0                __udivsi3
                0x0000000000020f04                __umodsi3
 .text          0x0000000000020f60      0x45c /home/nik/intelFPGA/nios2eds/bin/gnu/H-x86_64-pc-linux-gnu/bin/../lib/gcc/nios2-elf/9.2.1/libgcc.a(addsf3.o)
                0x0000000000020f60                __addsf3
 .text          0x00000000000213bc      0x3b0 /home/nik/intelFPGA/nios2eds/bin/gnu/H-x86_64-pc-linux-gnu/bin/../lib/gcc/nios2-elf/9.2.1/libgcc.a(mulsf3.o)
                0x00000000000213bc                __mulsf3
 .text          0x000000000002176c       0x70 /home/nik/intelFPGA/nios2eds/bin/gnu/H-x86_64-pc-linux-gnu/bin/../lib/gcc/nios2-elf/9.2.1/libgcc.a(fixsfsi.o)
                0x000000000002176c                __fixsfsi
 .text          0x00000000000217dc      0x124 /home/nik/intelFPGA/nios2eds/bin/gnu/H-x86_64-pc-linux-gnu/bin/../lib/gcc/nios2-elf/9.2.1/libgcc.a(floatsisf.o)
                0x00000000000217dc                __floatsisf
 .text          0x0000000000021900      0x978 /home/nik/intelFPGA/nios2eds/bin/gnu/H-x86_64-pc-linux-gnu/bin/../lib/gcc/nios2-elf/9.2.1/libgcc.a(adddf3.o)
                0x0000000000021900                __adddf3
 .text          0x0000000000022278       0x80 /home/nik/intelFPGA/nios2eds/bin/gnu/H-x86_64-pc-linux-gnu/bin/../lib/gcc/nios2-elf/9.2.1/libgcc.a(fixdfsi.o)
                0x0000000000022278                __fixdfsi
 .text          0x00000000000222f8       0xbc /home/nik/intelFPGA/nios2eds/bin/gnu/H-x86_64-pc-linux-gnu/bin/../lib/gcc/nios2-elf/9.2.1/libgcc.a(floatsidf.o)
                0x00000000000222f8                __floatsidf
 .text          0x00000000000223b4       0xfc /home/nik/intelFPGA/nios2eds/bin/gnu/H-x86_64-pc-linux-gnu/bin/../lib/gcc/nios2-elf/9.2.1/libgcc.a(extendsfdf2.o)
                0x00000000000223b4                __extendsfdf2
 .text          0x00000000000224b0      0x170 /home/nik/intelFPGA/nios2eds/bin/gnu/H-x86_64-pc-linux-gnu/bin/../lib/gcc/nios2-elf/9.2.1/libgcc.a(truncdfsf2.o)
                0x00000000000224b0                __truncdfsf2
 .text          0x0000000000022620       0x54 /home/nik/intelFPGA/nios2eds/bin/gnu/H-x86_64-pc-linux-gnu/bin/../lib/gcc/nios2-elf/9.2.1/libgcc.a(_clzsi2.o)
                0x0000000000022620                __clzsi2
 .text          0x0000000000022674        0x0 /home/nik/intelFPGA/nios2eds/bin/gnu/H-x86_64-pc-linux-gnu/bin/../lib/gcc/nios2-elf/9.2.1/libgcc.a(_clz.o)
 .text          0x0000000000022674        0x0 /home/nik/intelFPGA/nios2eds/bin/gnu/H-x86_64-pc-linux-gnu/bin/../lib/gcc/nios2-elf/9.2.1/../../../../../H-x86_64-pc-linux-gnu/nios2-elf/lib/libc.a(lib_a-atof.o)
 .text.atof     0x0000000000022674        0x8 /home/nik/intelFPGA/nios2eds/bin/gnu/H-x86_64-pc-linux-gnu/bin/../lib/gcc/nios2-elf/9.2.1/../../../../../H-x86_64-pc-linux-gnu/nios2-elf/lib/libc.a(lib_a-atof.o)
                0x0000000000022674                atof
 .text          0x000000000002267c        0x0 /home/nik/intelFPGA/nios2eds/bin/gnu/H-x86_64-pc-linux-gnu/bin/../lib/gcc/nios2-elf/9.2.1/../../../../../H-x86_64-pc-linux-gnu/nios2-elf/lib/libc.a(lib_a-fopen.o)
 .text._fopen_r
                0x000000000002267c       0xf0 /home/nik/intelFPGA/nios2eds/bin/gnu/H-x86_64-pc-linux-gnu/bin/../lib/gcc/nios2-elf/9.2.1/../../../../../H-x86_64-pc-linux-gnu/nios2-elf/lib/libc.a(lib_a-fopen.o)
                0x000000000002267c                _fopen_r
 .text.fopen    0x000000000002276c       0x18 /home/nik/intelFPGA/nios2eds/bin/gnu/H-x86_64-pc-linux-gnu/bin/../lib/gcc/nios2-elf/9.2.1/../../../../../H-x86_64-pc-linux-gnu/nios2-elf/lib/libc.a(lib_a-fopen.o)
                0x000000000002276c                fopen
 .text          0x0000000000022784        0x0 /home/nik/intelFPGA/nios2eds/bin/gnu/H-x86_64-pc-linux-gnu/bin/../lib/gcc/nios2-elf/9.2.1/../../../../../H-x86_64-pc-linux-gnu/nios2-elf/lib/libc.a(lib_a-fprintf.o)
 .text._fprintf_r
                0x0000000000022784       0x28 /home/nik/intelFPGA/nios2eds/bin/gnu/H-x86_64-pc-linux-gnu/bin/../lib/gcc/nios2-elf/9.2.1/../../../../../H-x86_64-pc-linux-gnu/nios2-elf/lib/libc.a(lib_a-fprintf.o)
                0x0000000000022784                _fprintf_r
 .text.fprintf  0x00000000000227ac       0x24 /home/nik/intelFPGA/nios2eds/bin/gnu/H-x86_64-pc-linux-gnu/bin/../lib/gcc/nios2-elf/9.2.1/../../../../../H-x86_64-pc-linux-gnu/nios2-elf/lib/libc.a(lib_a-fprintf.o)
                0x00000000000227ac                fprintf
 .text          0x00000000000227d0        0x0 /home/nik/intelFPGA/nios2eds/bin/gnu/H-x86_64-pc-linux-gnu/bin/../lib/gcc/nios2-elf/9.2.1/../../../../../H-x86_64-pc-linux-gnu/nios2-elf/lib/libc.a(lib_a-fseek.o)
 .text._fseek_r
                0x00000000000227d0        0x4 /home/nik/intelFPGA/nios2eds/bin/gnu/H-x86_64-pc-linux-gnu/bin/../lib/gcc/nios2-elf/9.2.1/../../../../../H-x86_64-pc-linux-gnu/nios2-elf/lib/libc.a(lib_a-fseek.o)
                0x00000000000227d0                _fseek_r
 .text.fseek    0x00000000000227d4       0x1c /home/nik/intelFPGA/nios2eds/bin/gnu/H-x86_64-pc-linux-gnu/bin/../lib/gcc/nios2-elf/9.2.1/../../../../../H-x86_64-pc-linux-gnu/nios2-elf/lib/libc.a(lib_a-fseek.o)
                0x00000000000227d4                fseek
 .text          0x00000000000227f0        0x0 /home/nik/intelFPGA/nios2eds/bin/gnu/H-x86_64-pc-linux-gnu/bin/../lib/gcc/nios2-elf/9.2.1/../../../../../H-x86_64-pc-linux-gnu/nios2-elf/lib/libc.a(lib_a-fseeko.o)
 .text._fseeko_r
                0x00000000000227f0      0x454 /home/nik/intelFPGA/nios2eds/bin/gnu/H-x86_64-pc-linux-gnu/bin/../lib/gcc/nios2-elf/9.2.1/../../../../../H-x86_64-pc-linux-gnu/nios2-elf/lib/libc.a(lib_a-fseeko.o)
                0x00000000000227f0                _fseeko_r
 .text.fseeko   0x0000000000022c44       0x1c /home/nik/intelFPGA/nios2eds/bin/gnu/H-x86_64-pc-linux-gnu/bin/../lib/gcc/nios2-elf/9.2.1/../../../../../H-x86_64-pc-linux-gnu/nios2-elf/lib/libc.a(lib_a-fseeko.o)
                0x0000000000022c44                fseeko
 .text          0x0000000000022c60        0x0 /home/nik/intelFPGA/nios2eds/bin/gnu/H-x86_64-pc-linux-gnu/bin/../lib/gcc/nios2-elf/9.2.1/../../../../../H-x86_64-pc-linux-gnu/nios2-elf/lib/libc.a(lib_a-fstatr.o)
 .text._fstat_r
                0x0000000000022c60       0x60 /home/nik/intelFPGA/nios2eds/bin/gnu/H-x86_64-pc-linux-gnu/bin/../lib/gcc/nios2-elf/9.2.1/../../../../../H-x86_64-pc-linux-gnu/nios2-elf/lib/libc.a(lib_a-fstatr.o)
                0x0000000000022c60                _fstat_r
 .text          0x0000000000022cc0        0x0 /home/nik/intelFPGA/nios2eds/bin/gnu/H-x86_64-pc-linux-gnu/bin/../lib/gcc/nios2-elf/9.2.1/../../../../../H-x86_64-pc-linux-gnu/nios2-elf/lib/libc.a(lib_a-getc.o)
 .text._getc_r  0x0000000000022cc0       0x7c /home/nik/intelFPGA/nios2eds/bin/gnu/H-x86_64-pc-linux-gnu/bin/../lib/gcc/nios2-elf/9.2.1/../../../../../H-x86_64-pc-linux-gnu/nios2-elf/lib/libc.a(lib_a-getc.o)
                0x0000000000022cc0                _getc_r
 .text.getc     0x0000000000022d3c       0x90 /home/nik/intelFPGA/nios2eds/bin/gnu/H-x86_64-pc-linux-gnu/bin/../lib/gcc/nios2-elf/9.2.1/../../../../../H-x86_64-pc-linux-gnu/nios2-elf/lib/libc.a(lib_a-getc.o)
                0x0000000000022d3c                getc
 .text          0x0000000000022dcc        0x0 /home/nik/intelFPGA/nios2eds/bin/gnu/H-x86_64-pc-linux-gnu/bin/../lib/gcc/nios2-elf/9.2.1/../../../../../H-x86_64-pc-linux-gnu/nios2-elf/lib/libc.a(lib_a-impure.o)
 .text          0x0000000000022dcc        0x0 /home/nik/intelFPGA/nios2eds/bin/gnu/H-x86_64-pc-linux-gnu/bin/../lib/gcc/nios2-elf/9.2.1/../../../../../H-x86_64-pc-linux-gnu/nios2-elf/lib/libc.a(lib_a-int_errno.o)
 .text          0x0000000000022dcc        0x0 /home/nik/intelFPGA/nios2eds/bin/gnu/H-x86_64-pc-linux-gnu/bin/../lib/gcc/nios2-elf/9.2.1/../../../../../H-x86_64-pc-linux-gnu/nios2-elf/lib/libc.a(lib_a-makebuf.o)
 .text.__swhatbuf_r
                0x0000000000022dcc       0x98 /home/nik/intelFPGA/nios2eds/bin/gnu/H-x86_64-pc-linux-gnu/bin/../lib/gcc/nios2-elf/9.2.1/../../../../../H-x86_64-pc-linux-gnu/nios2-elf/lib/libc.a(lib_a-makebuf.o)
                0x0000000000022dcc                __swhatbuf_r
 .text.__smakebuf_r
                0x0000000000022e64      0x140 /home/nik/intelFPGA/nios2eds/bin/gnu/H-x86_64-pc-linux-gnu/bin/../lib/gcc/nios2-elf/9.2.1/../../../../../H-x86_64-pc-linux-gnu/nios2-elf/lib/libc.a(lib_a-makebuf.o)
                0x0000000000022e64                __smakebuf_r
 .text          0x0000000000022fa4        0x0 /home/nik/intelFPGA/nios2eds/bin/gnu/H-x86_64-pc-linux-gnu/bin/../lib/gcc/nios2-elf/9.2.1/../../../../../H-x86_64-pc-linux-gnu/nios2-elf/lib/libc.a(lib_a-malloc.o)
 .text.malloc   0x0000000000022fa4       0x10 /home/nik/intelFPGA/nios2eds/bin/gnu/H-x86_64-pc-linux-gnu/bin/../lib/gcc/nios2-elf/9.2.1/../../../../../H-x86_64-pc-linux-gnu/nios2-elf/lib/libc.a(lib_a-malloc.o)
                0x0000000000022fa4                malloc
 .text.free     0x0000000000022fb4       0x10 /home/nik/intelFPGA/nios2eds/bin/gnu/H-x86_64-pc-linux-gnu/bin/../lib/gcc/nios2-elf/9.2.1/../../../../../H-x86_64-pc-linux-gnu/nios2-elf/lib/libc.a(lib_a-malloc.o)
                0x0000000000022fb4                free
 .text          0x0000000000022fc4        0x0 /home/nik/intelFPGA/nios2eds/bin/gnu/H-x86_64-pc-linux-gnu/bin/../lib/gcc/nios2-elf/9.2.1/../../../../../H-x86_64-pc-linux-gnu/nios2-elf/lib/libc.a(lib_a-mallocr.o)
 .text._malloc_r
                0x0000000000022fc4      0x7e0 /home/nik/intelFPGA/nios2eds/bin/gnu/H-x86_64-pc-linux-gnu/bin/../lib/gcc/nios2-elf/9.2.1/../../../../../H-x86_64-pc-linux-gnu/nios2-elf/lib/libc.a(lib_a-mallocr.o)
                0x0000000000022fc4                _malloc_r
 .text          0x00000000000237a4        0x0 /home/nik/intelFPGA/nios2eds/bin/gnu/H-x86_64-pc-linux-gnu/bin/../lib/gcc/nios2-elf/9.2.1/../../../../../H-x86_64-pc-linux-gnu/nios2-elf/lib/libc.a(lib_a-memcpy.o)
 .text.memcpy   0x00000000000237a4      0x100 /home/nik/intelFPGA/nios2eds/bin/gnu/H-x86_64-pc-linux-gnu/bin/../lib/gcc/nios2-elf/9.2.1/../../../../../H-x86_64-pc-linux-gnu/nios2-elf/lib/libc.a(lib_a-memcpy.o)
                0x00000000000237a4                memcpy
 .text          0x00000000000238a4        0x0 /home/nik/intelFPGA/nios2eds/bin/gnu/H-x86_64-pc-linux-gnu/bin/../lib/gcc/nios2-elf/9.2.1/../../../../../H-x86_64-pc-linux-gnu/nios2-elf/lib/libc.a(lib_a-memset.o)
 .text.memset   0x00000000000238a4       0xf0 /home/nik/intelFPGA/nios2eds/bin/gnu/H-x86_64-pc-linux-gnu/bin/../lib/gcc/nios2-elf/9.2.1/../../../../../H-x86_64-pc-linux-gnu/nios2-elf/lib/libc.a(lib_a-memset.o)
                0x00000000000238a4                memset
 .text          0x0000000000023994        0x0 /home/nik/intelFPGA/nios2eds/bin/gnu/H-x86_64-pc-linux-gnu/bin/../lib/gcc/nios2-elf/9.2.1/../../../../../H-x86_64-pc-linux-gnu/nios2-elf/lib/libc.a(lib_a-openr.o)
 .text._open_r  0x0000000000023994       0x64 /home/nik/intelFPGA/nios2eds/bin/gnu/H-x86_64-pc-linux-gnu/bin/../lib/gcc/nios2-elf/9.2.1/../../../../../H-x86_64-pc-linux-gnu/nios2-elf/lib/libc.a(lib_a-openr.o)
                0x0000000000023994                _open_r
 .text          0x00000000000239f8        0x0 /home/nik/intelFPGA/nios2eds/bin/gnu/H-x86_64-pc-linux-gnu/bin/../lib/gcc/nios2-elf/9.2.1/../../../../../H-x86_64-pc-linux-gnu/nios2-elf/lib/libc.a(lib_a-printf.o)
 .text._printf_r
                0x00000000000239f8       0x30 /home/nik/intelFPGA/nios2eds/bin/gnu/H-x86_64-pc-linux-gnu/bin/../lib/gcc/nios2-elf/9.2.1/../../../../../H-x86_64-pc-linux-gnu/nios2-elf/lib/libc.a(lib_a-printf.o)
                0x00000000000239f8                _printf_r
 .text.printf   0x0000000000023a28       0x38 /home/nik/intelFPGA/nios2eds/bin/gnu/H-x86_64-pc-linux-gnu/bin/../lib/gcc/nios2-elf/9.2.1/../../../../../H-x86_64-pc-linux-gnu/nios2-elf/lib/libc.a(lib_a-printf.o)
                0x0000000000023a28                printf
 .text          0x0000000000023a60        0x0 /home/nik/intelFPGA/nios2eds/bin/gnu/H-x86_64-pc-linux-gnu/bin/../lib/gcc/nios2-elf/9.2.1/../../../../../H-x86_64-pc-linux-gnu/nios2-elf/lib/libc.a(lib_a-puts.o)
 .text._puts_r  0x0000000000023a60       0xcc /home/nik/intelFPGA/nios2eds/bin/gnu/H-x86_64-pc-linux-gnu/bin/../lib/gcc/nios2-elf/9.2.1/../../../../../H-x86_64-pc-linux-gnu/nios2-elf/lib/libc.a(lib_a-puts.o)
                0x0000000000023a60                _puts_r
 .text.puts     0x0000000000023b2c       0x10 /home/nik/intelFPGA/nios2eds/bin/gnu/H-x86_64-pc-linux-gnu/bin/../lib/gcc/nios2-elf/9.2.1/../../../../../H-x86_64-pc-linux-gnu/nios2-elf/lib/libc.a(lib_a-puts.o)
                0x0000000000023b2c                puts
 .text          0x0000000000023b3c        0x0 /home/nik/intelFPGA/nios2eds/bin/gnu/H-x86_64-pc-linux-gnu/bin/../lib/gcc/nios2-elf/9.2.1/../../../../../H-x86_64-pc-linux-gnu/nios2-elf/lib/libc.a(lib_a-refill.o)
 .text.lflush   0x0000000000023b3c       0x1c /home/nik/intelFPGA/nios2eds/bin/gnu/H-x86_64-pc-linux-gnu/bin/../lib/gcc/nios2-elf/9.2.1/../../../../../H-x86_64-pc-linux-gnu/nios2-elf/lib/libc.a(lib_a-refill.o)
 .text.__srefill_r
                0x0000000000023b58      0x1cc /home/nik/intelFPGA/nios2eds/bin/gnu/H-x86_64-pc-linux-gnu/bin/../lib/gcc/nios2-elf/9.2.1/../../../../../H-x86_64-pc-linux-gnu/nios2-elf/lib/libc.a(lib_a-refill.o)
                0x0000000000023b58                __srefill_r
 .text          0x0000000000023d24        0x0 /home/nik/intelFPGA/nios2eds/bin/gnu/H-x86_64-pc-linux-gnu/bin/../lib/gcc/nios2-elf/9.2.1/../../../../../H-x86_64-pc-linux-gnu/nios2-elf/lib/libc.a(lib_a-rget.o)
 .text.__srget_r
                0x0000000000023d24       0x74 /home/nik/intelFPGA/nios2eds/bin/gnu/H-x86_64-pc-linux-gnu/bin/../lib/gcc/nios2-elf/9.2.1/../../../../../H-x86_64-pc-linux-gnu/nios2-elf/lib/libc.a(lib_a-rget.o)
                0x0000000000023d24                __srget_r
 .text.__srget  0x0000000000023d98       0x10 /home/nik/intelFPGA/nios2eds/bin/gnu/H-x86_64-pc-linux-gnu/bin/../lib/gcc/nios2-elf/9.2.1/../../../../../H-x86_64-pc-linux-gnu/nios2-elf/lib/libc.a(lib_a-rget.o)
                0x0000000000023d98                __srget
 .text          0x0000000000023da8        0x0 /home/nik/intelFPGA/nios2eds/bin/gnu/H-x86_64-pc-linux-gnu/bin/../lib/gcc/nios2-elf/9.2.1/../../../../../H-x86_64-pc-linux-gnu/nios2-elf/lib/libc.a(lib_a-sbrkr.o)
 .text._sbrk_r  0x0000000000023da8       0x58 /home/nik/intelFPGA/nios2eds/bin/gnu/H-x86_64-pc-linux-gnu/bin/../lib/gcc/nios2-elf/9.2.1/../../../../../H-x86_64-pc-linux-gnu/nios2-elf/lib/libc.a(lib_a-sbrkr.o)
                0x0000000000023da8                _sbrk_r
 .text          0x0000000000023e00        0x0 /home/nik/intelFPGA/nios2eds/bin/gnu/H-x86_64-pc-linux-gnu/bin/../lib/gcc/nios2-elf/9.2.1/../../../../../H-x86_64-pc-linux-gnu/nios2-elf/lib/libc.a(lib_a-stdio.o)
 .text.__sread  0x0000000000023e00       0x54 /home/nik/intelFPGA/nios2eds/bin/gnu/H-x86_64-pc-linux-gnu/bin/../lib/gcc/nios2-elf/9.2.1/../../../../../H-x86_64-pc-linux-gnu/nios2-elf/lib/libc.a(lib_a-stdio.o)
                0x0000000000023e00                __sread
 .text.__seofread
                0x0000000000023e54        0x8 /home/nik/intelFPGA/nios2eds/bin/gnu/H-x86_64-pc-linux-gnu/bin/../lib/gcc/nios2-elf/9.2.1/../../../../../H-x86_64-pc-linux-gnu/nios2-elf/lib/libc.a(lib_a-stdio.o)
                0x0000000000023e54                __seofread
 .text.__swrite
                0x0000000000023e5c       0x80 /home/nik/intelFPGA/nios2eds/bin/gnu/H-x86_64-pc-linux-gnu/bin/../lib/gcc/nios2-elf/9.2.1/../../../../../H-x86_64-pc-linux-gnu/nios2-elf/lib/libc.a(lib_a-stdio.o)
                0x0000000000023e5c                __swrite
 .text.__sseek  0x0000000000023edc       0x5c /home/nik/intelFPGA/nios2eds/bin/gnu/H-x86_64-pc-linux-gnu/bin/../lib/gcc/nios2-elf/9.2.1/../../../../../H-x86_64-pc-linux-gnu/nios2-elf/lib/libc.a(lib_a-stdio.o)
                0x0000000000023edc                __sseek
 .text.__sclose
                0x0000000000023f38        0x8 /home/nik/intelFPGA/nios2eds/bin/gnu/H-x86_64-pc-linux-gnu/bin/../lib/gcc/nios2-elf/9.2.1/../../../../../H-x86_64-pc-linux-gnu/nios2-elf/lib/libc.a(lib_a-stdio.o)
                0x0000000000023f38                __sclose
 .text          0x0000000000023f40        0x0 /home/nik/intelFPGA/nios2eds/bin/gnu/H-x86_64-pc-linux-gnu/bin/../lib/gcc/nios2-elf/9.2.1/../../../../../H-x86_64-pc-linux-gnu/nios2-elf/lib/libc.a(lib_a-strlen.o)
 .text.strlen   0x0000000000023f40       0x98 /home/nik/intelFPGA/nios2eds/bin/gnu/H-x86_64-pc-linux-gnu/bin/../lib/gcc/nios2-elf/9.2.1/../../../../../H-x86_64-pc-linux-gnu/nios2-elf/lib/libc.a(lib_a-strlen.o)
                0x0000000000023f40                strlen
 .text          0x0000000000023fd8        0x0 /home/nik/intelFPGA/nios2eds/bin/gnu/H-x86_64-pc-linux-gnu/bin/../lib/gcc/nios2-elf/9.2.1/../../../../../H-x86_64-pc-linux-gnu/nios2-elf/lib/libc.a(lib_a-strncat.o)
 .text.strncat  0x0000000000023fd8       0xac /home/nik/intelFPGA/nios2eds/bin/gnu/H-x86_64-pc-linux-gnu/bin/../lib/gcc/nios2-elf/9.2.1/../../../../../H-x86_64-pc-linux-gnu/nios2-elf/lib/libc.a(lib_a-strncat.o)
                0x0000000000023fd8                strncat
 .text          0x0000000000024084        0x0 /home/nik/intelFPGA/nios2eds/bin/gnu/H-x86_64-pc-linux-gnu/bin/../lib/gcc/nios2-elf/9.2.1/../../../../../H-x86_64-pc-linux-gnu/nios2-elf/lib/libc.a(lib_a-strtod.o)
 .text.sulp     0x0000000000024084       0x64 /home/nik/intelFPGA/nios2eds/bin/gnu/H-x86_64-pc-linux-gnu/bin/../lib/gcc/nios2-elf/9.2.1/../../../../../H-x86_64-pc-linux-gnu/nios2-elf/lib/libc.a(lib_a-strtod.o)
 .text._strtod_l
                0x00000000000240e8     0x1548 /home/nik/intelFPGA/nios2eds/bin/gnu/H-x86_64-pc-linux-gnu/bin/../lib/gcc/nios2-elf/9.2.1/../../../../../H-x86_64-pc-linux-gnu/nios2-elf/lib/libc.a(lib_a-strtod.o)
                0x00000000000240e8                _strtod_l
 .text._strtod_r
                0x0000000000025630        0xc /home/nik/intelFPGA/nios2eds/bin/gnu/H-x86_64-pc-linux-gnu/bin/../lib/gcc/nios2-elf/9.2.1/../../../../../H-x86_64-pc-linux-gnu/nios2-elf/lib/libc.a(lib_a-strtod.o)
                0x0000000000025630                _strtod_r
 .text.strtod_l
                0x000000000002563c       0x1c /home/nik/intelFPGA/nios2eds/bin/gnu/H-x86_64-pc-linux-gnu/bin/../lib/gcc/nios2-elf/9.2.1/../../../../../H-x86_64-pc-linux-gnu/nios2-elf/lib/libc.a(lib_a-strtod.o)
                0x000000000002563c                strtod_l
 .text.strtod   0x0000000000025658       0x20 /home/nik/intelFPGA/nios2eds/bin/gnu/H-x86_64-pc-linux-gnu/bin/../lib/gcc/nios2-elf/9.2.1/../../../../../H-x86_64-pc-linux-gnu/nios2-elf/lib/libc.a(lib_a-strtod.o)
                0x0000000000025658                strtod
 .text.strtof_l
                0x0000000000025678      0x120 /home/nik/intelFPGA/nios2eds/bin/gnu/H-x86_64-pc-linux-gnu/bin/../lib/gcc/nios2-elf/9.2.1/../../../../../H-x86_64-pc-linux-gnu/nios2-elf/lib/libc.a(lib_a-strtod.o)
                0x0000000000025678                strtof_l
 .text.strtof   0x0000000000025798      0x15c /home/nik/intelFPGA/nios2eds/bin/gnu/H-x86_64-pc-linux-gnu/bin/../lib/gcc/nios2-elf/9.2.1/../../../../../H-x86_64-pc-linux-gnu/nios2-elf/lib/libc.a(lib_a-strtod.o)
                0x0000000000025798                strtof
 .text          0x00000000000258f4        0x0 /home/nik/intelFPGA/nios2eds/bin/gnu/H-x86_64-pc-linux-gnu/bin/../lib/gcc/nios2-elf/9.2.1/../../../../../H-x86_64-pc-linux-gnu/nios2-elf/lib/libc.a(lib_a-vfprintf.o)
 .text.___vfprintf_internal_r
                0x00000000000258f4     0x20dc /home/nik/intelFPGA/nios2eds/bin/gnu/H-x86_64-pc-linux-gnu/bin/../lib/gcc/nios2-elf/9.2.1/../../../../../H-x86_64-pc-linux-gnu/nios2-elf/lib/libc.a(lib_a-vfprintf.o)
                0x00000000000258f4                ___vfprintf_internal_r
 .text.__vfprintf_internal
                0x00000000000279d0       0x1c /home/nik/intelFPGA/nios2eds/bin/gnu/H-x86_64-pc-linux-gnu/bin/../lib/gcc/nios2-elf/9.2.1/../../../../../H-x86_64-pc-linux-gnu/nios2-elf/lib/libc.a(lib_a-vfprintf.o)
                0x00000000000279d0                __vfprintf_internal
 .text.__sbprintf
                0x00000000000279ec       0xc0 /home/nik/intelFPGA/nios2eds/bin/gnu/H-x86_64-pc-linux-gnu/bin/../lib/gcc/nios2-elf/9.2.1/../../../../../H-x86_64-pc-linux-gnu/nios2-elf/lib/libc.a(lib_a-vfprintf.o)
 .text          0x0000000000027aac        0x0 /home/nik/intelFPGA/nios2eds/bin/gnu/H-x86_64-pc-linux-gnu/bin/../lib/gcc/nios2-elf/9.2.1/../../../../../H-x86_64-pc-linux-gnu/nios2-elf/lib/libc.a(lib_a-writer.o)
 .text._write_r
                0x0000000000027aac       0x64 /home/nik/intelFPGA/nios2eds/bin/gnu/H-x86_64-pc-linux-gnu/bin/../lib/gcc/nios2-elf/9.2.1/../../../../../H-x86_64-pc-linux-gnu/nios2-elf/lib/libc.a(lib_a-writer.o)
                0x0000000000027aac                _write_r
 .text          0x0000000000027b10        0x0 /home/nik/intelFPGA/nios2eds/bin/gnu/H-x86_64-pc-linux-gnu/bin/../lib/gcc/nios2-elf/9.2.1/../../../../../H-x86_64-pc-linux-gnu/nios2-elf/lib/libc.a(lib_a-wsetup.o)
 .text.__swsetup_r
                0x0000000000027b10      0x15c /home/nik/intelFPGA/nios2eds/bin/gnu/H-x86_64-pc-linux-gnu/bin/../lib/gcc/nios2-elf/9.2.1/../../../../../H-x86_64-pc-linux-gnu/nios2-elf/lib/libc.a(lib_a-wsetup.o)
                0x0000000000027b10                __swsetup_r
 .text          0x0000000000027c6c        0x0 /home/nik/intelFPGA/nios2eds/bin/gnu/H-x86_64-pc-linux-gnu/bin/../lib/gcc/nios2-elf/9.2.1/../../../../../H-x86_64-pc-linux-gnu/nios2-elf/lib/libc.a(closer.o)
 .text._close_r
                0x0000000000027c6c       0x58 /home/nik/intelFPGA/nios2eds/bin/gnu/H-x86_64-pc-linux-gnu/bin/../lib/gcc/nios2-elf/9.2.1/../../../../../H-x86_64-pc-linux-gnu/nios2-elf/lib/libc.a(closer.o)
                0x0000000000027c6c                _close_r
 .text          0x0000000000027cc4        0x0 /home/nik/intelFPGA/nios2eds/bin/gnu/H-x86_64-pc-linux-gnu/bin/../lib/gcc/nios2-elf/9.2.1/../../../../../H-x86_64-pc-linux-gnu/nios2-elf/lib/libc.a(lib_a-dtoa.o)
 .text.quorem   0x0000000000027cc4      0x1fc /home/nik/intelFPGA/nios2eds/bin/gnu/H-x86_64-pc-linux-gnu/bin/../lib/gcc/nios2-elf/9.2.1/../../../../../H-x86_64-pc-linux-gnu/nios2-elf/lib/libc.a(lib_a-dtoa.o)
 .text._dtoa_r  0x0000000000027ec0     0x1750 /home/nik/intelFPGA/nios2eds/bin/gnu/H-x86_64-pc-linux-gnu/bin/../lib/gcc/nios2-elf/9.2.1/../../../../../H-x86_64-pc-linux-gnu/nios2-elf/lib/libc.a(lib_a-dtoa.o)
                0x0000000000027ec0                _dtoa_r
 .text          0x0000000000029610        0x0 /home/nik/intelFPGA/nios2eds/bin/gnu/H-x86_64-pc-linux-gnu/bin/../lib/gcc/nios2-elf/9.2.1/../../../../../H-x86_64-pc-linux-gnu/nios2-elf/lib/libc.a(lib_a-fflush.o)
 .text.__sflush_r
                0x0000000000029610      0x228 /home/nik/intelFPGA/nios2eds/bin/gnu/H-x86_64-pc-linux-gnu/bin/../lib/gcc/nios2-elf/9.2.1/../../../../../H-x86_64-pc-linux-gnu/nios2-elf/lib/libc.a(lib_a-fflush.o)
                0x0000000000029610                __sflush_r
 .text._fflush_r
                0x0000000000029838       0x60 /home/nik/intelFPGA/nios2eds/bin/gnu/H-x86_64-pc-linux-gnu/bin/../lib/gcc/nios2-elf/9.2.1/../../../../../H-x86_64-pc-linux-gnu/nios2-elf/lib/libc.a(lib_a-fflush.o)
                0x0000000000029838                _fflush_r
 .text.fflush   0x0000000000029898       0x28 /home/nik/intelFPGA/nios2eds/bin/gnu/H-x86_64-pc-linux-gnu/bin/../lib/gcc/nios2-elf/9.2.1/../../../../../H-x86_64-pc-linux-gnu/nios2-elf/lib/libc.a(lib_a-fflush.o)
                0x0000000000029898                fflush
 .text          0x00000000000298c0        0x0 /home/nik/intelFPGA/nios2eds/bin/gnu/H-x86_64-pc-linux-gnu/bin/../lib/gcc/nios2-elf/9.2.1/../../../../../H-x86_64-pc-linux-gnu/nios2-elf/lib/libc.a(lib_a-findfp.o)
 .text.__fp_lock
                0x00000000000298c0        0x8 /home/nik/intelFPGA/nios2eds/bin/gnu/H-x86_64-pc-linux-gnu/bin/../lib/gcc/nios2-elf/9.2.1/../../../../../H-x86_64-pc-linux-gnu/nios2-elf/lib/libc.a(lib_a-findfp.o)
 .text._cleanup_r
                0x00000000000298c8        0xc /home/nik/intelFPGA/nios2eds/bin/gnu/H-x86_64-pc-linux-gnu/bin/../lib/gcc/nios2-elf/9.2.1/../../../../../H-x86_64-pc-linux-gnu/nios2-elf/lib/libc.a(lib_a-findfp.o)
                0x00000000000298c8                _cleanup_r
 .text.__sinit.part.0
                0x00000000000298d4      0x168 /home/nik/intelFPGA/nios2eds/bin/gnu/H-x86_64-pc-linux-gnu/bin/../lib/gcc/nios2-elf/9.2.1/../../../../../H-x86_64-pc-linux-gnu/nios2-elf/lib/libc.a(lib_a-findfp.o)
 .text.__fp_unlock
                0x0000000000029a3c        0x8 /home/nik/intelFPGA/nios2eds/bin/gnu/H-x86_64-pc-linux-gnu/bin/../lib/gcc/nios2-elf/9.2.1/../../../../../H-x86_64-pc-linux-gnu/nios2-elf/lib/libc.a(lib_a-findfp.o)
 .text.__sfmoreglue
                0x0000000000029a44       0x68 /home/nik/intelFPGA/nios2eds/bin/gnu/H-x86_64-pc-linux-gnu/bin/../lib/gcc/nios2-elf/9.2.1/../../../../../H-x86_64-pc-linux-gnu/nios2-elf/lib/libc.a(lib_a-findfp.o)
                0x0000000000029a44                __sfmoreglue
 .text.__sfp    0x0000000000029aac       0xfc /home/nik/intelFPGA/nios2eds/bin/gnu/H-x86_64-pc-linux-gnu/bin/../lib/gcc/nios2-elf/9.2.1/../../../../../H-x86_64-pc-linux-gnu/nios2-elf/lib/libc.a(lib_a-findfp.o)
                0x0000000000029aac                __sfp
 .text._cleanup
                0x0000000000029ba8       0x14 /home/nik/intelFPGA/nios2eds/bin/gnu/H-x86_64-pc-linux-gnu/bin/../lib/gcc/nios2-elf/9.2.1/../../../../../H-x86_64-pc-linux-gnu/nios2-elf/lib/libc.a(lib_a-findfp.o)
                0x0000000000029ba8                _cleanup
 .text.__sinit  0x0000000000029bbc       0x10 /home/nik/intelFPGA/nios2eds/bin/gnu/H-x86_64-pc-linux-gnu/bin/../lib/gcc/nios2-elf/9.2.1/../../../../../H-x86_64-pc-linux-gnu/nios2-elf/lib/libc.a(lib_a-findfp.o)
                0x0000000000029bbc                __sinit
 .text.__sfp_lock_acquire
                0x0000000000029bcc        0x4 /home/nik/intelFPGA/nios2eds/bin/gnu/H-x86_64-pc-linux-gnu/bin/../lib/gcc/nios2-elf/9.2.1/../../../../../H-x86_64-pc-linux-gnu/nios2-elf/lib/libc.a(lib_a-findfp.o)
                0x0000000000029bcc                __sfp_lock_acquire
 .text.__sfp_lock_release
                0x0000000000029bd0        0x4 /home/nik/intelFPGA/nios2eds/bin/gnu/H-x86_64-pc-linux-gnu/bin/../lib/gcc/nios2-elf/9.2.1/../../../../../H-x86_64-pc-linux-gnu/nios2-elf/lib/libc.a(lib_a-findfp.o)
                0x0000000000029bd0                __sfp_lock_release
 .text.__sinit_lock_acquire
                0x0000000000029bd4        0x4 /home/nik/intelFPGA/nios2eds/bin/gnu/H-x86_64-pc-linux-gnu/bin/../lib/gcc/nios2-elf/9.2.1/../../../../../H-x86_64-pc-linux-gnu/nios2-elf/lib/libc.a(lib_a-findfp.o)
                0x0000000000029bd4                __sinit_lock_acquire
 .text.__sinit_lock_release
                0x0000000000029bd8        0x4 /home/nik/intelFPGA/nios2eds/bin/gnu/H-x86_64-pc-linux-gnu/bin/../lib/gcc/nios2-elf/9.2.1/../../../../../H-x86_64-pc-linux-gnu/nios2-elf/lib/libc.a(lib_a-findfp.o)
                0x0000000000029bd8                __sinit_lock_release
 .text.__fp_lock_all
                0x0000000000029bdc       0x14 /home/nik/intelFPGA/nios2eds/bin/gnu/H-x86_64-pc-linux-gnu/bin/../lib/gcc/nios2-elf/9.2.1/../../../../../H-x86_64-pc-linux-gnu/nios2-elf/lib/libc.a(lib_a-findfp.o)
                0x0000000000029bdc                __fp_lock_all
 .text.__fp_unlock_all
                0x0000000000029bf0       0x14 /home/nik/intelFPGA/nios2eds/bin/gnu/H-x86_64-pc-linux-gnu/bin/../lib/gcc/nios2-elf/9.2.1/../../../../../H-x86_64-pc-linux-gnu/nios2-elf/lib/libc.a(lib_a-findfp.o)
                0x0000000000029bf0                __fp_unlock_all
 .text          0x0000000000029c04        0x0 /home/nik/intelFPGA/nios2eds/bin/gnu/H-x86_64-pc-linux-gnu/bin/../lib/gcc/nios2-elf/9.2.1/../../../../../H-x86_64-pc-linux-gnu/nios2-elf/lib/libc.a(lib_a-flags.o)
 .text.__sflags
                0x0000000000029c04       0xb8 /home/nik/intelFPGA/nios2eds/bin/gnu/H-x86_64-pc-linux-gnu/bin/../lib/gcc/nios2-elf/9.2.1/../../../../../H-x86_64-pc-linux-gnu/nios2-elf/lib/libc.a(lib_a-flags.o)
                0x0000000000029c04                __sflags
 .text          0x0000000000029cbc        0x0 /home/nik/intelFPGA/nios2eds/bin/gnu/H-x86_64-pc-linux-gnu/bin/../lib/gcc/nios2-elf/9.2.1/../../../../../H-x86_64-pc-linux-gnu/nios2-elf/lib/libc.a(lib_a-freer.o)
 .text._malloc_trim_r
                0x0000000000029cbc      0x11c /home/nik/intelFPGA/nios2eds/bin/gnu/H-x86_64-pc-linux-gnu/bin/../lib/gcc/nios2-elf/9.2.1/../../../../../H-x86_64-pc-linux-gnu/nios2-elf/lib/libc.a(lib_a-freer.o)
                0x0000000000029cbc                _malloc_trim_r
 .text._free_r  0x0000000000029dd8      0x2fc /home/nik/intelFPGA/nios2eds/bin/gnu/H-x86_64-pc-linux-gnu/bin/../lib/gcc/nios2-elf/9.2.1/../../../../../H-x86_64-pc-linux-gnu/nios2-elf/lib/libc.a(lib_a-freer.o)
                0x0000000000029dd8                _free_r
 .text          0x000000000002a0d4        0x0 /home/nik/intelFPGA/nios2eds/bin/gnu/H-x86_64-pc-linux-gnu/bin/../lib/gcc/nios2-elf/9.2.1/../../../../../H-x86_64-pc-linux-gnu/nios2-elf/lib/libc.a(lib_a-fvwrite.o)
 .text.__sfvwrite_r
                0x000000000002a0d4      0x4bc /home/nik/intelFPGA/nios2eds/bin/gnu/H-x86_64-pc-linux-gnu/bin/../lib/gcc/nios2-elf/9.2.1/../../../../../H-x86_64-pc-linux-gnu/nios2-elf/lib/libc.a(lib_a-fvwrite.o)
                0x000000000002a0d4                __sfvwrite_r
 .text          0x000000000002a590        0x0 /home/nik/intelFPGA/nios2eds/bin/gnu/H-x86_64-pc-linux-gnu/bin/../lib/gcc/nios2-elf/9.2.1/../../../../../H-x86_64-pc-linux-gnu/nios2-elf/lib/libc.a(lib_a-fwalk.o)
 .text._fwalk   0x000000000002a590       0x98 /home/nik/intelFPGA/nios2eds/bin/gnu/H-x86_64-pc-linux-gnu/bin/../lib/gcc/nios2-elf/9.2.1/../../../../../H-x86_64-pc-linux-gnu/nios2-elf/lib/libc.a(lib_a-fwalk.o)
                0x000000000002a590                _fwalk
 .text._fwalk_reent
                0x000000000002a628       0xa8 /home/nik/intelFPGA/nios2eds/bin/gnu/H-x86_64-pc-linux-gnu/bin/../lib/gcc/nios2-elf/9.2.1/../../../../../H-x86_64-pc-linux-gnu/nios2-elf/lib/libc.a(lib_a-fwalk.o)
                0x000000000002a628                _fwalk_reent
 .text          0x000000000002a6d0        0x0 /home/nik/intelFPGA/nios2eds/bin/gnu/H-x86_64-pc-linux-gnu/bin/../lib/gcc/nios2-elf/9.2.1/../../../../../H-x86_64-pc-linux-gnu/nios2-elf/lib/libc.a(lib_a-gdtoa-gethex.o)
 .text.rshift   0x000000000002a6d0       0xdc /home/nik/intelFPGA/nios2eds/bin/gnu/H-x86_64-pc-linux-gnu/bin/../lib/gcc/nios2-elf/9.2.1/../../../../../H-x86_64-pc-linux-gnu/nios2-elf/lib/libc.a(lib_a-gdtoa-gethex.o)
 .text.__gethex
                0x000000000002a7ac      0x83c /home/nik/intelFPGA/nios2eds/bin/gnu/H-x86_64-pc-linux-gnu/bin/../lib/gcc/nios2-elf/9.2.1/../../../../../H-x86_64-pc-linux-gnu/nios2-elf/lib/libc.a(lib_a-gdtoa-gethex.o)
                0x000000000002a7ac                __gethex
 .text          0x000000000002afe8        0x0 /home/nik/intelFPGA/nios2eds/bin/gnu/H-x86_64-pc-linux-gnu/bin/../lib/gcc/nios2-elf/9.2.1/../../../../../H-x86_64-pc-linux-gnu/nios2-elf/lib/libc.a(lib_a-gdtoa-hexnan.o)
 .text.__match  0x000000000002afe8       0x50 /home/nik/intelFPGA/nios2eds/bin/gnu/H-x86_64-pc-linux-gnu/bin/../lib/gcc/nios2-elf/9.2.1/../../../../../H-x86_64-pc-linux-gnu/nios2-elf/lib/libc.a(lib_a-gdtoa-hexnan.o)
                0x000000000002afe8                __match
 .text.__hexnan
                0x000000000002b038      0x268 /home/nik/intelFPGA/nios2eds/bin/gnu/H-x86_64-pc-linux-gnu/bin/../lib/gcc/nios2-elf/9.2.1/../../../../../H-x86_64-pc-linux-gnu/nios2-elf/lib/libc.a(lib_a-gdtoa-hexnan.o)
                0x000000000002b038                __hexnan
 .text          0x000000000002b2a0        0x0 /home/nik/intelFPGA/nios2eds/bin/gnu/H-x86_64-pc-linux-gnu/bin/../lib/gcc/nios2-elf/9.2.1/../../../../../H-x86_64-pc-linux-gnu/nios2-elf/lib/libc.a(lib_a-isattyr.o)
 .text._isatty_r
                0x000000000002b2a0       0x58 /home/nik/intelFPGA/nios2eds/bin/gnu/H-x86_64-pc-linux-gnu/bin/../lib/gcc/nios2-elf/9.2.1/../../../../../H-x86_64-pc-linux-gnu/nios2-elf/lib/libc.a(lib_a-isattyr.o)
                0x000000000002b2a0                _isatty_r
 .text          0x000000000002b2f8        0x0 /home/nik/intelFPGA/nios2eds/bin/gnu/H-x86_64-pc-linux-gnu/bin/../lib/gcc/nios2-elf/9.2.1/../../../../../H-x86_64-pc-linux-gnu/nios2-elf/lib/libc.a(lib_a-lnumeric.o)
 .text.__numeric_load_locale
                0x000000000002b2f8        0x8 /home/nik/intelFPGA/nios2eds/bin/gnu/H-x86_64-pc-linux-gnu/bin/../lib/gcc/nios2-elf/9.2.1/../../../../../H-x86_64-pc-linux-gnu/nios2-elf/lib/libc.a(lib_a-lnumeric.o)
                0x000000000002b2f8                __numeric_load_locale
 .text          0x000000000002b300        0x0 /home/nik/intelFPGA/nios2eds/bin/gnu/H-x86_64-pc-linux-gnu/bin/../lib/gcc/nios2-elf/9.2.1/../../../../../H-x86_64-pc-linux-gnu/nios2-elf/lib/libc.a(lib_a-locale.o)
 .text._setlocale_r
                0x000000000002b300       0x74 /home/nik/intelFPGA/nios2eds/bin/gnu/H-x86_64-pc-linux-gnu/bin/../lib/gcc/nios2-elf/9.2.1/../../../../../H-x86_64-pc-linux-gnu/nios2-elf/lib/libc.a(lib_a-locale.o)
                0x000000000002b300                _setlocale_r
 .text.__locale_mb_cur_max
                0x000000000002b374        0xc /home/nik/intelFPGA/nios2eds/bin/gnu/H-x86_64-pc-linux-gnu/bin/../lib/gcc/nios2-elf/9.2.1/../../../../../H-x86_64-pc-linux-gnu/nios2-elf/lib/libc.a(lib_a-locale.o)
                0x000000000002b374                __locale_mb_cur_max
 .text.setlocale
                0x000000000002b380       0x18 /home/nik/intelFPGA/nios2eds/bin/gnu/H-x86_64-pc-linux-gnu/bin/../lib/gcc/nios2-elf/9.2.1/../../../../../H-x86_64-pc-linux-gnu/nios2-elf/lib/libc.a(lib_a-locale.o)
                0x000000000002b380                setlocale
 .text          0x000000000002b398        0x0 /home/nik/intelFPGA/nios2eds/bin/gnu/H-x86_64-pc-linux-gnu/bin/../lib/gcc/nios2-elf/9.2.1/../../../../../H-x86_64-pc-linux-gnu/nios2-elf/lib/libc.a(lib_a-localeconv.o)
 .text.__localeconv_l
                0x000000000002b398        0x8 /home/nik/intelFPGA/nios2eds/bin/gnu/H-x86_64-pc-linux-gnu/bin/../lib/gcc/nios2-elf/9.2.1/../../../../../H-x86_64-pc-linux-gnu/nios2-elf/lib/libc.a(lib_a-localeconv.o)
                0x000000000002b398                __localeconv_l
 .text._localeconv_r
                0x000000000002b3a0        0xc /home/nik/intelFPGA/nios2eds/bin/gnu/H-x86_64-pc-linux-gnu/bin/../lib/gcc/nios2-elf/9.2.1/../../../../../H-x86_64-pc-linux-gnu/nios2-elf/lib/libc.a(lib_a-localeconv.o)
                0x000000000002b3a0                _localeconv_r
 .text.localeconv
                0x000000000002b3ac        0xc /home/nik/intelFPGA/nios2eds/bin/gnu/H-x86_64-pc-linux-gnu/bin/../lib/gcc/nios2-elf/9.2.1/../../../../../H-x86_64-pc-linux-gnu/nios2-elf/lib/libc.a(lib_a-localeconv.o)
                0x000000000002b3ac                localeconv
 .text          0x000000000002b3b8        0x0 /home/nik/intelFPGA/nios2eds/bin/gnu/H-x86_64-pc-linux-gnu/bin/../lib/gcc/nios2-elf/9.2.1/../../../../../H-x86_64-pc-linux-gnu/nios2-elf/lib/libc.a(lib_a-lseekr.o)
 .text._lseek_r
                0x000000000002b3b8       0x64 /home/nik/intelFPGA/nios2eds/bin/gnu/H-x86_64-pc-linux-gnu/bin/../lib/gcc/nios2-elf/9.2.1/../../../../../H-x86_64-pc-linux-gnu/nios2-elf/lib/libc.a(lib_a-lseekr.o)
                0x000000000002b3b8                _lseek_r
 .text          0x000000000002b41c        0x0 /home/nik/intelFPGA/nios2eds/bin/gnu/H-x86_64-pc-linux-gnu/bin/../lib/gcc/nios2-elf/9.2.1/../../../../../H-x86_64-pc-linux-gnu/nios2-elf/lib/libc.a(lib_a-mbtowc_r.o)
 .text._mbtowc_r
                0x000000000002b41c        0xc /home/nik/intelFPGA/nios2eds/bin/gnu/H-x86_64-pc-linux-gnu/bin/../lib/gcc/nios2-elf/9.2.1/../../../../../H-x86_64-pc-linux-gnu/nios2-elf/lib/libc.a(lib_a-mbtowc_r.o)
                0x000000000002b41c                _mbtowc_r
 .text.__ascii_mbtowc
                0x000000000002b428       0x44 /home/nik/intelFPGA/nios2eds/bin/gnu/H-x86_64-pc-linux-gnu/bin/../lib/gcc/nios2-elf/9.2.1/../../../../../H-x86_64-pc-linux-gnu/nios2-elf/lib/libc.a(lib_a-mbtowc_r.o)
                0x000000000002b428                __ascii_mbtowc
 .text          0x000000000002b46c        0x0 /home/nik/intelFPGA/nios2eds/bin/gnu/H-x86_64-pc-linux-gnu/bin/../lib/gcc/nios2-elf/9.2.1/../../../../../H-x86_64-pc-linux-gnu/nios2-elf/lib/libc.a(lib_a-memchr.o)
 .text.memchr   0x000000000002b46c       0xd4 /home/nik/intelFPGA/nios2eds/bin/gnu/H-x86_64-pc-linux-gnu/bin/../lib/gcc/nios2-elf/9.2.1/../../../../../H-x86_64-pc-linux-gnu/nios2-elf/lib/libc.a(lib_a-memchr.o)
                0x000000000002b46c                memchr
 .text          0x000000000002b540        0x0 /home/nik/intelFPGA/nios2eds/bin/gnu/H-x86_64-pc-linux-gnu/bin/../lib/gcc/nios2-elf/9.2.1/../../../../../H-x86_64-pc-linux-gnu/nios2-elf/lib/libc.a(lib_a-memmove.o)
 .text.memmove  0x000000000002b540      0x12c /home/nik/intelFPGA/nios2eds/bin/gnu/H-x86_64-pc-linux-gnu/bin/../lib/gcc/nios2-elf/9.2.1/../../../../../H-x86_64-pc-linux-gnu/nios2-elf/lib/libc.a(lib_a-memmove.o)
                0x000000000002b540                memmove
 .text          0x000000000002b66c        0x0 /home/nik/intelFPGA/nios2eds/bin/gnu/H-x86_64-pc-linux-gnu/bin/../lib/gcc/nios2-elf/9.2.1/../../../../../H-x86_64-pc-linux-gnu/nios2-elf/lib/libc.a(lib_a-mprec.o)
 .text._Balloc  0x000000000002b66c       0xa4 /home/nik/intelFPGA/nios2eds/bin/gnu/H-x86_64-pc-linux-gnu/bin/../lib/gcc/nios2-elf/9.2.1/../../../../../H-x86_64-pc-linux-gnu/nios2-elf/lib/libc.a(lib_a-mprec.o)
                0x000000000002b66c                _Balloc
 .text._Bfree   0x000000000002b710       0x24 /home/nik/intelFPGA/nios2eds/bin/gnu/H-x86_64-pc-linux-gnu/bin/../lib/gcc/nios2-elf/9.2.1/../../../../../H-x86_64-pc-linux-gnu/nios2-elf/lib/libc.a(lib_a-mprec.o)
                0x000000000002b710                _Bfree
 .text.__multadd
                0x000000000002b734      0x138 /home/nik/intelFPGA/nios2eds/bin/gnu/H-x86_64-pc-linux-gnu/bin/../lib/gcc/nios2-elf/9.2.1/../../../../../H-x86_64-pc-linux-gnu/nios2-elf/lib/libc.a(lib_a-mprec.o)
                0x000000000002b734                __multadd
 .text.__s2b    0x000000000002b86c      0x138 /home/nik/intelFPGA/nios2eds/bin/gnu/H-x86_64-pc-linux-gnu/bin/../lib/gcc/nios2-elf/9.2.1/../../../../../H-x86_64-pc-linux-gnu/nios2-elf/lib/libc.a(lib_a-mprec.o)
                0x000000000002b86c                __s2b
 .text.__hi0bits
                0x000000000002b9a4       0x64 /home/nik/intelFPGA/nios2eds/bin/gnu/H-x86_64-pc-linux-gnu/bin/../lib/gcc/nios2-elf/9.2.1/../../../../../H-x86_64-pc-linux-gnu/nios2-elf/lib/libc.a(lib_a-mprec.o)
                0x000000000002b9a4                __hi0bits
 .text.__lo0bits
                0x000000000002ba08       0xb0 /home/nik/intelFPGA/nios2eds/bin/gnu/H-x86_64-pc-linux-gnu/bin/../lib/gcc/nios2-elf/9.2.1/../../../../../H-x86_64-pc-linux-gnu/nios2-elf/lib/libc.a(lib_a-mprec.o)
                0x000000000002ba08                __lo0bits
 .text.__i2b    0x000000000002bab8       0x54 /home/nik/intelFPGA/nios2eds/bin/gnu/H-x86_64-pc-linux-gnu/bin/../lib/gcc/nios2-elf/9.2.1/../../../../../H-x86_64-pc-linux-gnu/nios2-elf/lib/libc.a(lib_a-mprec.o)
                0x000000000002bab8                __i2b
 .text.__multiply
                0x000000000002bb0c      0x230 /home/nik/intelFPGA/nios2eds/bin/gnu/H-x86_64-pc-linux-gnu/bin/../lib/gcc/nios2-elf/9.2.1/../../../../../H-x86_64-pc-linux-gnu/nios2-elf/lib/libc.a(lib_a-mprec.o)
                0x000000000002bb0c                __multiply
 .text.__pow5mult
                0x000000000002bd3c      0x118 /home/nik/intelFPGA/nios2eds/bin/gnu/H-x86_64-pc-linux-gnu/bin/../lib/gcc/nios2-elf/9.2.1/../../../../../H-x86_64-pc-linux-gnu/nios2-elf/lib/libc.a(lib_a-mprec.o)
                0x000000000002bd3c                __pow5mult
 .text.__lshift
                0x000000000002be54      0x188 /home/nik/intelFPGA/nios2eds/bin/gnu/H-x86_64-pc-linux-gnu/bin/../lib/gcc/nios2-elf/9.2.1/../../../../../H-x86_64-pc-linux-gnu/nios2-elf/lib/libc.a(lib_a-mprec.o)
                0x000000000002be54                __lshift
 .text.__mcmp   0x000000000002bfdc       0x58 /home/nik/intelFPGA/nios2eds/bin/gnu/H-x86_64-pc-linux-gnu/bin/../lib/gcc/nios2-elf/9.2.1/../../../../../H-x86_64-pc-linux-gnu/nios2-elf/lib/libc.a(lib_a-mprec.o)
                0x000000000002bfdc                __mcmp
 .text.__mdiff  0x000000000002c034      0x22c /home/nik/intelFPGA/nios2eds/bin/gnu/H-x86_64-pc-linux-gnu/bin/../lib/gcc/nios2-elf/9.2.1/../../../../../H-x86_64-pc-linux-gnu/nios2-elf/lib/libc.a(lib_a-mprec.o)
                0x000000000002c034                __mdiff
 .text.__ulp    0x000000000002c260       0x5c /home/nik/intelFPGA/nios2eds/bin/gnu/H-x86_64-pc-linux-gnu/bin/../lib/gcc/nios2-elf/9.2.1/../../../../../H-x86_64-pc-linux-gnu/nios2-elf/lib/libc.a(lib_a-mprec.o)
                0x000000000002c260                __ulp
 .text.__b2d    0x000000000002c2bc      0x104 /home/nik/intelFPGA/nios2eds/bin/gnu/H-x86_64-pc-linux-gnu/bin/../lib/gcc/nios2-elf/9.2.1/../../../../../H-x86_64-pc-linux-gnu/nios2-elf/lib/libc.a(lib_a-mprec.o)
                0x000000000002c2bc                __b2d
 .text.__d2b    0x000000000002c3c0      0x164 /home/nik/intelFPGA/nios2eds/bin/gnu/H-x86_64-pc-linux-gnu/bin/../lib/gcc/nios2-elf/9.2.1/../../../../../H-x86_64-pc-linux-gnu/nios2-elf/lib/libc.a(lib_a-mprec.o)
                0x000000000002c3c0                __d2b
 .text.__ratio  0x000000000002c524       0xa8 /home/nik/intelFPGA/nios2eds/bin/gnu/H-x86_64-pc-linux-gnu/bin/../lib/gcc/nios2-elf/9.2.1/../../../../../H-x86_64-pc-linux-gnu/nios2-elf/lib/libc.a(lib_a-mprec.o)
                0x000000000002c524                __ratio
 .text._mprec_log10
                0x000000000002c5cc       0x70 /home/nik/intelFPGA/nios2eds/bin/gnu/H-x86_64-pc-linux-gnu/bin/../lib/gcc/nios2-elf/9.2.1/../../../../../H-x86_64-pc-linux-gnu/nios2-elf/lib/libc.a(lib_a-mprec.o)
                0x000000000002c5cc                _mprec_log10
 .text.__copybits
                0x000000000002c63c       0x6c /home/nik/intelFPGA/nios2eds/bin/gnu/H-x86_64-pc-linux-gnu/bin/../lib/gcc/nios2-elf/9.2.1/../../../../../H-x86_64-pc-linux-gnu/nios2-elf/lib/libc.a(lib_a-mprec.o)
                0x000000000002c63c                __copybits
 .text.__any_on
                0x000000000002c6a8       0x60 /home/nik/intelFPGA/nios2eds/bin/gnu/H-x86_64-pc-linux-gnu/bin/../lib/gcc/nios2-elf/9.2.1/../../../../../H-x86_64-pc-linux-gnu/nios2-elf/lib/libc.a(lib_a-mprec.o)
                0x000000000002c6a8                __any_on
 .text          0x000000000002c708        0x0 /home/nik/intelFPGA/nios2eds/bin/gnu/H-x86_64-pc-linux-gnu/bin/../lib/gcc/nios2-elf/9.2.1/../../../../../H-x86_64-pc-linux-gnu/nios2-elf/lib/libc.a(lib_a-readr.o)
 .text._read_r  0x000000000002c708       0x64 /home/nik/intelFPGA/nios2eds/bin/gnu/H-x86_64-pc-linux-gnu/bin/../lib/gcc/nios2-elf/9.2.1/../../../../../H-x86_64-pc-linux-gnu/nios2-elf/lib/libc.a(lib_a-readr.o)
                0x000000000002c708                _read_r
 .text          0x000000000002c76c        0x0 /home/nik/intelFPGA/nios2eds/bin/gnu/H-x86_64-pc-linux-gnu/bin/../lib/gcc/nios2-elf/9.2.1/../../../../../H-x86_64-pc-linux-gnu/nios2-elf/lib/libc.a(lib_a-reallocr.o)
 .text._realloc_r
                0x000000000002c76c      0x564 /home/nik/intelFPGA/nios2eds/bin/gnu/H-x86_64-pc-linux-gnu/bin/../lib/gcc/nios2-elf/9.2.1/../../../../../H-x86_64-pc-linux-gnu/nios2-elf/lib/libc.a(lib_a-reallocr.o)
                0x000000000002c76c                _realloc_r
 .text          0x000000000002ccd0        0x0 /home/nik/intelFPGA/nios2eds/bin/gnu/H-x86_64-pc-linux-gnu/bin/../lib/gcc/nios2-elf/9.2.1/../../../../../H-x86_64-pc-linux-gnu/nios2-elf/lib/libc.a(lib_a-strcmp.o)
 .text.strcmp   0x000000000002ccd0       0xb8 /home/nik/intelFPGA/nios2eds/bin/gnu/H-x86_64-pc-linux-gnu/bin/../lib/gcc/nios2-elf/9.2.1/../../../../../H-x86_64-pc-linux-gnu/nios2-elf/lib/libc.a(lib_a-strcmp.o)
                0x000000000002ccd0                strcmp
 .text          0x000000000002cd88        0x0 /home/nik/intelFPGA/nios2eds/bin/gnu/H-x86_64-pc-linux-gnu/bin/../lib/gcc/nios2-elf/9.2.1/../../../../../H-x86_64-pc-linux-gnu/nios2-elf/lib/libc.a(lib_a-strncmp.o)
 .text.strncmp  0x000000000002cd88       0xc4 /home/nik/intelFPGA/nios2eds/bin/gnu/H-x86_64-pc-linux-gnu/bin/../lib/gcc/nios2-elf/9.2.1/../../../../../H-x86_64-pc-linux-gnu/nios2-elf/lib/libc.a(lib_a-strncmp.o)
                0x000000000002cd88                strncmp
 .text          0x000000000002ce4c        0x0 /home/nik/intelFPGA/nios2eds/bin/gnu/H-x86_64-pc-linux-gnu/bin/../lib/gcc/nios2-elf/9.2.1/../../../../../H-x86_64-pc-linux-gnu/nios2-elf/lib/libc.a(lib_a-vfiprintf.o)
 .text.__sprint_r.part.0
                0x000000000002ce4c       0xf4 /home/nik/intelFPGA/nios2eds/bin/gnu/H-x86_64-pc-linux-gnu/bin/../lib/gcc/nios2-elf/9.2.1/../../../../../H-x86_64-pc-linux-gnu/nios2-elf/lib/libc.a(lib_a-vfiprintf.o)
 .text.__sprint_r
                0x000000000002cf40       0x18 /home/nik/intelFPGA/nios2eds/bin/gnu/H-x86_64-pc-linux-gnu/bin/../lib/gcc/nios2-elf/9.2.1/../../../../../H-x86_64-pc-linux-gnu/nios2-elf/lib/libc.a(lib_a-vfiprintf.o)
                0x000000000002cf40                __sprint_r
 .text.___vfiprintf_internal_r
                0x000000000002cf58     0x1304 /home/nik/intelFPGA/nios2eds/bin/gnu/H-x86_64-pc-linux-gnu/bin/../lib/gcc/nios2-elf/9.2.1/../../../../../H-x86_64-pc-linux-gnu/nios2-elf/lib/libc.a(lib_a-vfiprintf.o)
                0x000000000002cf58                ___vfiprintf_internal_r
 .text.__vfiprintf_internal
                0x000000000002e25c       0x1c /home/nik/intelFPGA/nios2eds/bin/gnu/H-x86_64-pc-linux-gnu/bin/../lib/gcc/nios2-elf/9.2.1/../../../../../H-x86_64-pc-linux-gnu/nios2-elf/lib/libc.a(lib_a-vfiprintf.o)
                0x000000000002e25c                __vfiprintf_internal
 .text.__sbprintf
                0x000000000002e278       0xc0 /home/nik/intelFPGA/nios2eds/bin/gnu/H-x86_64-pc-linux-gnu/bin/../lib/gcc/nios2-elf/9.2.1/../../../../../H-x86_64-pc-linux-gnu/nios2-elf/lib/libc.a(lib_a-vfiprintf.o)
 .text          0x000000000002e338        0x0 /home/nik/intelFPGA/nios2eds/bin/gnu/H-x86_64-pc-linux-gnu/bin/../lib/gcc/nios2-elf/9.2.1/../../../../../H-x86_64-pc-linux-gnu/nios2-elf/lib/libc.a(lib_a-wctomb_r.o)
 .text._wctomb_r
                0x000000000002e338        0xc /home/nik/intelFPGA/nios2eds/bin/gnu/H-x86_64-pc-linux-gnu/bin/../lib/gcc/nios2-elf/9.2.1/../../../../../H-x86_64-pc-linux-gnu/nios2-elf/lib/libc.a(lib_a-wctomb_r.o)
                0x000000000002e338                _wctomb_r
 .text.__ascii_wctomb
                0x000000000002e344       0x30 /home/nik/intelFPGA/nios2eds/bin/gnu/H-x86_64-pc-linux-gnu/bin/../lib/gcc/nios2-elf/9.2.1/../../../../../H-x86_64-pc-linux-gnu/nios2-elf/lib/libc.a(lib_a-wctomb_r.o)
                0x000000000002e344                __ascii_wctomb
 .text          0x000000000002e374        0x0 /home/nik/intelFPGA/nios2eds/bin/gnu/H-x86_64-pc-linux-gnu/bin/../lib/gcc/nios2-elf/9.2.1/../../../../../H-x86_64-pc-linux-gnu/nios2-elf/lib/libc.a(lib_a-assert.o)
 .text.__assert_func
                0x000000000002e374       0x64 /home/nik/intelFPGA/nios2eds/bin/gnu/H-x86_64-pc-linux-gnu/bin/../lib/gcc/nios2-elf/9.2.1/../../../../../H-x86_64-pc-linux-gnu/nios2-elf/lib/libc.a(lib_a-assert.o)
                0x000000000002e374                __assert_func
 .text.__assert
                0x000000000002e3d8       0x14 /home/nik/intelFPGA/nios2eds/bin/gnu/H-x86_64-pc-linux-gnu/bin/../lib/gcc/nios2-elf/9.2.1/../../../../../H-x86_64-pc-linux-gnu/nios2-elf/lib/libc.a(lib_a-assert.o)
                0x000000000002e3d8                __assert
 .text          0x000000000002e3ec        0x0 /home/nik/intelFPGA/nios2eds/bin/gnu/H-x86_64-pc-linux-gnu/bin/../lib/gcc/nios2-elf/9.2.1/../../../../../H-x86_64-pc-linux-gnu/nios2-elf/lib/libc.a(lib_a-callocr.o)
 .text._calloc_r
                0x000000000002e3ec       0xb4 /home/nik/intelFPGA/nios2eds/bin/gnu/H-x86_64-pc-linux-gnu/bin/../lib/gcc/nios2-elf/9.2.1/../../../../../H-x86_64-pc-linux-gnu/nios2-elf/lib/libc.a(lib_a-callocr.o)
                0x000000000002e3ec                _calloc_r
 .text          0x000000000002e4a0        0x0 /home/nik/intelFPGA/nios2eds/bin/gnu/H-x86_64-pc-linux-gnu/bin/../lib/gcc/nios2-elf/9.2.1/../../../../../H-x86_64-pc-linux-gnu/nios2-elf/lib/libc.a(lib_a-ctype_.o)
 .text          0x000000000002e4a0        0x0 /home/nik/intelFPGA/nios2eds/bin/gnu/H-x86_64-pc-linux-gnu/bin/../lib/gcc/nios2-elf/9.2.1/../../../../../H-x86_64-pc-linux-gnu/nios2-elf/lib/libc.a(lib_a-fclose.o)
 .text._fclose_r
                0x000000000002e4a0       0xf8 /home/nik/intelFPGA/nios2eds/bin/gnu/H-x86_64-pc-linux-gnu/bin/../lib/gcc/nios2-elf/9.2.1/../../../../../H-x86_64-pc-linux-gnu/nios2-elf/lib/libc.a(lib_a-fclose.o)
                0x000000000002e4a0                _fclose_r
 .text.fclose   0x000000000002e598       0x10 /home/nik/intelFPGA/nios2eds/bin/gnu/H-x86_64-pc-linux-gnu/bin/../lib/gcc/nios2-elf/9.2.1/../../../../../H-x86_64-pc-linux-gnu/nios2-elf/lib/libc.a(lib_a-fclose.o)
                0x000000000002e598                fclose
 .text          0x000000000002e5a8        0x0 /home/nik/intelFPGA/nios2eds/bin/gnu/H-x86_64-pc-linux-gnu/bin/../lib/gcc/nios2-elf/9.2.1/../../../../../H-x86_64-pc-linux-gnu/nios2-elf/lib/libc.a(lib_a-fiprintf.o)
 .text._fiprintf_r
                0x000000000002e5a8       0x20 /home/nik/intelFPGA/nios2eds/bin/gnu/H-x86_64-pc-linux-gnu/bin/../lib/gcc/nios2-elf/9.2.1/../../../../../H-x86_64-pc-linux-gnu/nios2-elf/lib/libc.a(lib_a-fiprintf.o)
                0x000000000002e5a8                _fiprintf_r
 .text.fiprintf
                0x000000000002e5c8       0x38 /home/nik/intelFPGA/nios2eds/bin/gnu/H-x86_64-pc-linux-gnu/bin/../lib/gcc/nios2-elf/9.2.1/../../../../../H-x86_64-pc-linux-gnu/nios2-elf/lib/libc.a(lib_a-fiprintf.o)
                0x000000000002e5c8                fiprintf
 .text          0x000000000002e600        0x0 /home/nik/intelFPGA/nios2eds/bin/gnu/H-x86_64-pc-linux-gnu/bin/../lib/gcc/nios2-elf/9.2.1/../../../../../H-x86_64-pc-linux-gnu/nios2-elf/lib/libc.a(lib_a-fputwc.o)
 .text.__fputwc
                0x000000000002e600      0x164 /home/nik/intelFPGA/nios2eds/bin/gnu/H-x86_64-pc-linux-gnu/bin/../lib/gcc/nios2-elf/9.2.1/../../../../../H-x86_64-pc-linux-gnu/nios2-elf/lib/libc.a(lib_a-fputwc.o)
                0x000000000002e600                __fputwc
 .text._fputwc_r
                0x000000000002e764       0x24 /home/nik/intelFPGA/nios2eds/bin/gnu/H-x86_64-pc-linux-gnu/bin/../lib/gcc/nios2-elf/9.2.1/../../../../../H-x86_64-pc-linux-gnu/nios2-elf/lib/libc.a(lib_a-fputwc.o)
                0x000000000002e764                _fputwc_r
 .text.fputwc   0x000000000002e788       0x78 /home/nik/intelFPGA/nios2eds/bin/gnu/H-x86_64-pc-linux-gnu/bin/../lib/gcc/nios2-elf/9.2.1/../../../../../H-x86_64-pc-linux-gnu/nios2-elf/lib/libc.a(lib_a-fputwc.o)
                0x000000000002e788                fputwc
 .text          0x000000000002e800        0x0 /home/nik/intelFPGA/nios2eds/bin/gnu/H-x86_64-pc-linux-gnu/bin/../lib/gcc/nios2-elf/9.2.1/../../../../../H-x86_64-pc-linux-gnu/nios2-elf/lib/libc.a(lib_a-vfiprintfr_1.o)
 .text._vfiprintf_r
                0x000000000002e800        0x4 /home/nik/intelFPGA/nios2eds/bin/gnu/H-x86_64-pc-linux-gnu/bin/../lib/gcc/nios2-elf/9.2.1/../../../../../H-x86_64-pc-linux-gnu/nios2-elf/lib/libc.a(lib_a-vfiprintfr_1.o)
                0x000000000002e800                _vfiprintf_r
 .text          0x000000000002e804        0x0 /home/nik/intelFPGA/nios2eds/bin/gnu/H-x86_64-pc-linux-gnu/bin/../lib/gcc/nios2-elf/9.2.1/../../../../../H-x86_64-pc-linux-gnu/nios2-elf/lib/libc.a(lib_a-wbuf.o)
 .text.__swbuf_r
                0x000000000002e804      0x148 /home/nik/intelFPGA/nios2eds/bin/gnu/H-x86_64-pc-linux-gnu/bin/../lib/gcc/nios2-elf/9.2.1/../../../../../H-x86_64-pc-linux-gnu/nios2-elf/lib/libc.a(lib_a-wbuf.o)
                0x000000000002e804                __swbuf_r
 .text.__swbuf  0x000000000002e94c       0x18 /home/nik/intelFPGA/nios2eds/bin/gnu/H-x86_64-pc-linux-gnu/bin/../lib/gcc/nios2-elf/9.2.1/../../../../../H-x86_64-pc-linux-gnu/nios2-elf/lib/libc.a(lib_a-wbuf.o)
                0x000000000002e94c                __swbuf
 .text          0x000000000002e964        0x0 /home/nik/intelFPGA/nios2eds/bin/gnu/H-x86_64-pc-linux-gnu/bin/../lib/gcc/nios2-elf/9.2.1/../../../../../H-x86_64-pc-linux-gnu/nios2-elf/lib/libc.a(lib_a-wcrtomb.o)
 .text._wcrtomb_r
                0x000000000002e964       0x6c /home/nik/intelFPGA/nios2eds/bin/gnu/H-x86_64-pc-linux-gnu/bin/../lib/gcc/nios2-elf/9.2.1/../../../../../H-x86_64-pc-linux-gnu/nios2-elf/lib/libc.a(lib_a-wcrtomb.o)
                0x000000000002e964                _wcrtomb_r
 .text.wcrtomb  0x000000000002e9d0       0x88 /home/nik/intelFPGA/nios2eds/bin/gnu/H-x86_64-pc-linux-gnu/bin/../lib/gcc/nios2-elf/9.2.1/../../../../../H-x86_64-pc-linux-gnu/nios2-elf/lib/libc.a(lib_a-wcrtomb.o)
                0x000000000002e9d0                wcrtomb
 .text          0x000000000002ea58        0x0 /home/nik/intelFPGA/nios2eds/bin/gnu/H-x86_64-pc-linux-gnu/bin/../lib/gcc/nios2-elf/9.2.1/../../../../../H-x86_64-pc-linux-gnu/nios2-elf/lib/libc.a(lib_a-abort.o)
 .text.unlikely.abort
                0x000000000002ea58       0x18 /home/nik/intelFPGA/nios2eds/bin/gnu/H-x86_64-pc-linux-gnu/bin/../lib/gcc/nios2-elf/9.2.1/../../../../../H-x86_64-pc-linux-gnu/nios2-elf/lib/libc.a(lib_a-abort.o)
                0x000000000002ea58                abort
 .text          0x000000000002ea70        0x0 /home/nik/intelFPGA/nios2eds/bin/gnu/H-x86_64-pc-linux-gnu/bin/../lib/gcc/nios2-elf/9.2.1/../../../../../H-x86_64-pc-linux-gnu/nios2-elf/lib/libc.a(lib_a-signal.o)
 .text._init_signal_r.part.0
                0x000000000002ea70       0x4c /home/nik/intelFPGA/nios2eds/bin/gnu/H-x86_64-pc-linux-gnu/bin/../lib/gcc/nios2-elf/9.2.1/../../../../../H-x86_64-pc-linux-gnu/nios2-elf/lib/libc.a(lib_a-signal.o)
 .text._init_signal_r
                0x000000000002eabc       0x14 /home/nik/intelFPGA/nios2eds/bin/gnu/H-x86_64-pc-linux-gnu/bin/../lib/gcc/nios2-elf/9.2.1/../../../../../H-x86_64-pc-linux-gnu/nios2-elf/lib/libc.a(lib_a-signal.o)
                0x000000000002eabc                _init_signal_r
 .text._signal_r
                0x000000000002ead0       0x84 /home/nik/intelFPGA/nios2eds/bin/gnu/H-x86_64-pc-linux-gnu/bin/../lib/gcc/nios2-elf/9.2.1/../../../../../H-x86_64-pc-linux-gnu/nios2-elf/lib/libc.a(lib_a-signal.o)
                0x000000000002ead0                _signal_r
 .text._raise_r
                0x000000000002eb54       0xc4 /home/nik/intelFPGA/nios2eds/bin/gnu/H-x86_64-pc-linux-gnu/bin/../lib/gcc/nios2-elf/9.2.1/../../../../../H-x86_64-pc-linux-gnu/nios2-elf/lib/libc.a(lib_a-signal.o)
                0x000000000002eb54                _raise_r
 .text.__sigtramp_r
                0x000000000002ec18       0xb8 /home/nik/intelFPGA/nios2eds/bin/gnu/H-x86_64-pc-linux-gnu/bin/../lib/gcc/nios2-elf/9.2.1/../../../../../H-x86_64-pc-linux-gnu/nios2-elf/lib/libc.a(lib_a-signal.o)
                0x000000000002ec18                __sigtramp_r
 .text.raise    0x000000000002ecd0       0x10 /home/nik/intelFPGA/nios2eds/bin/gnu/H-x86_64-pc-linux-gnu/bin/../lib/gcc/nios2-elf/9.2.1/../../../../../H-x86_64-pc-linux-gnu/nios2-elf/lib/libc.a(lib_a-signal.o)
                0x000000000002ecd0                raise
 .text.signal   0x000000000002ece0       0x18 /home/nik/intelFPGA/nios2eds/bin/gnu/H-x86_64-pc-linux-gnu/bin/../lib/gcc/nios2-elf/9.2.1/../../../../../H-x86_64-pc-linux-gnu/nios2-elf/lib/libc.a(lib_a-signal.o)
                0x000000000002ece0                signal
 .text._init_signal
                0x000000000002ecf8       0x1c /home/nik/intelFPGA/nios2eds/bin/gnu/H-x86_64-pc-linux-gnu/bin/../lib/gcc/nios2-elf/9.2.1/../../../../../H-x86_64-pc-linux-gnu/nios2-elf/lib/libc.a(lib_a-signal.o)
                0x000000000002ecf8                _init_signal
 .text.__sigtramp
                0x000000000002ed14       0x10 /home/nik/intelFPGA/nios2eds/bin/gnu/H-x86_64-pc-linux-gnu/bin/../lib/gcc/nios2-elf/9.2.1/../../../../../H-x86_64-pc-linux-gnu/nios2-elf/lib/libc.a(lib_a-signal.o)
                0x000000000002ed14                __sigtramp
 .text          0x000000000002ed24        0x0 /home/nik/intelFPGA/nios2eds/bin/gnu/H-x86_64-pc-linux-gnu/bin/../lib/gcc/nios2-elf/9.2.1/../../../../../H-x86_64-pc-linux-gnu/nios2-elf/lib/libc.a(lib_a-signalr.o)
 .text._kill_r  0x000000000002ed24       0x60 /home/nik/intelFPGA/nios2eds/bin/gnu/H-x86_64-pc-linux-gnu/bin/../lib/gcc/nios2-elf/9.2.1/../../../../../H-x86_64-pc-linux-gnu/nios2-elf/lib/libc.a(lib_a-signalr.o)
                0x000000000002ed24                _kill_r
 .text._getpid_r
                0x000000000002ed84        0x4 /home/nik/intelFPGA/nios2eds/bin/gnu/H-x86_64-pc-linux-gnu/bin/../lib/gcc/nios2-elf/9.2.1/../../../../../H-x86_64-pc-linux-gnu/nios2-elf/lib/libc.a(lib_a-signalr.o)
                0x000000000002ed84                _getpid_r
 .text          0x000000000002ed88       0x74 /home/nik/intelFPGA/nios2eds/bin/gnu/H-x86_64-pc-linux-gnu/bin/../lib/gcc/nios2-elf/9.2.1/libgcc.a(_fixunsdfsi.o)
                0x000000000002ed88                __fixunsdfsi
 .text          0x000000000002edfc       0x74 /home/nik/intelFPGA/nios2eds/bin/gnu/H-x86_64-pc-linux-gnu/bin/../lib/gcc/nios2-elf/9.2.1/libgcc.a(_fixdfdi.o)
                0x000000000002edfc                __fixdfdi
 .text          0x000000000002ee70       0x90 /home/nik/intelFPGA/nios2eds/bin/gnu/H-x86_64-pc-linux-gnu/bin/../lib/gcc/nios2-elf/9.2.1/libgcc.a(_fixunsdfdi.o)
                0x000000000002ee70                __fixunsdfdi
 .text          0x000000000002ef00       0x70 /home/nik/intelFPGA/nios2eds/bin/gnu/H-x86_64-pc-linux-gnu/bin/../lib/gcc/nios2-elf/9.2.1/libgcc.a(_floatdidf.o)
                0x000000000002ef00                __floatdidf
 .text          0x000000000002ef70      0x590 /home/nik/intelFPGA/nios2eds/bin/gnu/H-x86_64-pc-linux-gnu/bin/../lib/gcc/nios2-elf/9.2.1/libgcc.a(_udivdi3.o)
                0x000000000002ef70                __udivdi3
 .text          0x000000000002f500      0x534 /home/nik/intelFPGA/nios2eds/bin/gnu/H-x86_64-pc-linux-gnu/bin/../lib/gcc/nios2-elf/9.2.1/libgcc.a(_umoddi3.o)
                0x000000000002f500                __umoddi3
 .text          0x000000000002fa34       0x78 /home/nik/intelFPGA/nios2eds/bin/gnu/H-x86_64-pc-linux-gnu/bin/../lib/gcc/nios2-elf/9.2.1/libgcc.a(eqsf2.o)
                0x000000000002fa34                __nesf2
                0x000000000002fa34                __eqsf2
 .text          0x000000000002faac       0xc0 /home/nik/intelFPGA/nios2eds/bin/gnu/H-x86_64-pc-linux-gnu/bin/../lib/gcc/nios2-elf/9.2.1/libgcc.a(lesf2.o)
                0x000000000002faac                __lesf2
                0x000000000002faac                __ltsf2
 .text          0x000000000002fb6c       0x4c /home/nik/intelFPGA/nios2eds/bin/gnu/H-x86_64-pc-linux-gnu/bin/../lib/gcc/nios2-elf/9.2.1/libgcc.a(unordsf2.o)
                0x000000000002fb6c                __unordsf2
 .text          0x000000000002fbb8      0x860 /home/nik/intelFPGA/nios2eds/bin/gnu/H-x86_64-pc-linux-gnu/bin/../lib/gcc/nios2-elf/9.2.1/libgcc.a(divdf3.o)
                0x000000000002fbb8                __divdf3
 .text          0x0000000000030418       0x80 /home/nik/intelFPGA/nios2eds/bin/gnu/H-x86_64-pc-linux-gnu/bin/../lib/gcc/nios2-elf/9.2.1/libgcc.a(eqdf2.o)
                0x0000000000030418                __eqdf2
                0x0000000000030418                __nedf2
 .text          0x0000000000030498       0xf0 /home/nik/intelFPGA/nios2eds/bin/gnu/H-x86_64-pc-linux-gnu/bin/../lib/gcc/nios2-elf/9.2.1/libgcc.a(gedf2.o)
                0x0000000000030498                __gtdf2
                0x0000000000030498                __gedf2
 .text          0x0000000000030588       0xf0 /home/nik/intelFPGA/nios2eds/bin/gnu/H-x86_64-pc-linux-gnu/bin/../lib/gcc/nios2-elf/9.2.1/libgcc.a(ledf2.o)
                0x0000000000030588                __ltdf2
                0x0000000000030588                __ledf2
 .text          0x0000000000030678      0x670 /home/nik/intelFPGA/nios2eds/bin/gnu/H-x86_64-pc-linux-gnu/bin/../lib/gcc/nios2-elf/9.2.1/libgcc.a(muldf3.o)
                0x0000000000030678                __muldf3
 .text          0x0000000000030ce8      0x934 /home/nik/intelFPGA/nios2eds/bin/gnu/H-x86_64-pc-linux-gnu/bin/../lib/gcc/nios2-elf/9.2.1/libgcc.a(subdf3.o)
                0x0000000000030ce8                __subdf3
 .text          0x000000000003161c       0x54 /home/nik/intelFPGA/nios2eds/bin/gnu/H-x86_64-pc-linux-gnu/bin/../lib/gcc/nios2-elf/9.2.1/libgcc.a(unorddf2.o)
                0x000000000003161c                __unorddf2
 .text          0x0000000000031670       0x90 /home/nik/intelFPGA/nios2eds/bin/gnu/H-x86_64-pc-linux-gnu/bin/../lib/gcc/nios2-elf/9.2.1/libgcc.a(floatunsidf.o)
                0x0000000000031670                __floatunsidf
 .text          0x0000000000031700      0x10c /home/nik/eie/ip/lab4/jtag-uart-test/software/hello_sw_bsp//libhal_bsp.a(alt_close.o)
                0x000000000003173c                close
 .text          0x000000000003180c       0x2c /home/nik/eie/ip/lab4/jtag-uart-test/software/hello_sw_bsp//libhal_bsp.a(alt_dev.o)
 .text          0x0000000000031838        0x0 /home/nik/eie/ip/lab4/jtag-uart-test/software/hello_sw_bsp//libhal_bsp.a(alt_errno.o)
 .text          0x0000000000031838       0x38 /home/nik/eie/ip/lab4/jtag-uart-test/software/hello_sw_bsp//libhal_bsp.a(alt_exit.o)
                0x0000000000031838                _exit
 .text          0x0000000000031870       0xec /home/nik/eie/ip/lab4/jtag-uart-test/software/hello_sw_bsp//libhal_bsp.a(alt_fstat.o)
                0x00000000000318ac                fstat
 .text          0x000000000003195c       0x20 /home/nik/eie/ip/lab4/jtag-uart-test/software/hello_sw_bsp//libhal_bsp.a(alt_getpid.o)
                0x000000000003195c                getpid
 .text          0x000000000003197c      0x180 /home/nik/eie/ip/lab4/jtag-uart-test/software/hello_sw_bsp//libhal_bsp.a(alt_irq_register.o)
                0x000000000003197c                alt_irq_register
 .text          0x0000000000031afc        0x0 /home/nik/eie/ip/lab4/jtag-uart-test/software/hello_sw_bsp//libhal_bsp.a(alt_irq_vars.o)
 .text          0x0000000000031afc       0xe0 /home/nik/eie/ip/lab4/jtag-uart-test/software/hello_sw_bsp//libhal_bsp.a(alt_isatty.o)
                0x0000000000031b38                isatty
 .text          0x0000000000031bdc      0x168 /home/nik/eie/ip/lab4/jtag-uart-test/software/hello_sw_bsp//libhal_bsp.a(alt_kill.o)
                0x0000000000031c18                kill
 .text          0x0000000000031d44       0xec /home/nik/eie/ip/lab4/jtag-uart-test/software/hello_sw_bsp//libhal_bsp.a(alt_load.o)
                0x0000000000031dac                alt_load
 .text          0x0000000000031e30      0x110 /home/nik/eie/ip/lab4/jtag-uart-test/software/hello_sw_bsp//libhal_bsp.a(alt_lseek.o)
                0x0000000000031e6c                lseek
 .text          0x0000000000031f40       0x7c /home/nik/eie/ip/lab4/jtag-uart-test/software/hello_sw_bsp//libhal_bsp.a(alt_main.o)
                0x0000000000031f40                alt_main
 .text          0x0000000000031fbc       0x48 /home/nik/eie/ip/lab4/jtag-uart-test/software/hello_sw_bsp//libhal_bsp.a(alt_malloc_lock.o)
                0x0000000000031fbc                __malloc_lock
                0x0000000000031fe0                __malloc_unlock
 .text          0x0000000000032004      0x248 /home/nik/eie/ip/lab4/jtag-uart-test/software/hello_sw_bsp//libhal_bsp.a(alt_open.o)
                0x00000000000320f8                open
 .text          0x000000000003224c      0x22c /home/nik/eie/ip/lab4/jtag-uart-test/software/hello_sw_bsp//libhal_bsp.a(alt_printf.o)
                0x000000000003224c                alt_printf
 .text          0x0000000000032478       0x30 /home/nik/eie/ip/lab4/jtag-uart-test/software/hello_sw_bsp//libhal_bsp.a(alt_putchar.o)
                0x0000000000032478                alt_putchar
 .text          0x00000000000324a8      0x138 /home/nik/eie/ip/lab4/jtag-uart-test/software/hello_sw_bsp//libhal_bsp.a(alt_read.o)
                0x00000000000324e4                read
 .text          0x00000000000325e0       0x58 /home/nik/eie/ip/lab4/jtag-uart-test/software/hello_sw_bsp//libhal_bsp.a(alt_release_fd.o)
                0x00000000000325e0                alt_release_fd
 .text          0x0000000000032638       0xb8 /home/nik/eie/ip/lab4/jtag-uart-test/software/hello_sw_bsp//libhal_bsp.a(alt_sbrk.o)
                0x0000000000032638                sbrk
 .text          0x00000000000326f0      0x134 /home/nik/eie/ip/lab4/jtag-uart-test/software/hello_sw_bsp//libhal_bsp.a(alt_write.o)
                0x000000000003272c                write
 .text          0x0000000000032824       0xf8 /home/nik/eie/ip/lab4/jtag-uart-test/software/hello_sw_bsp//libhal_bsp.a(alt_sys_init.o)
                0x0000000000032858                alt_irq_init
                0x0000000000032894                alt_sys_init
 .text          0x000000000003291c      0x164 /home/nik/eie/ip/lab4/jtag-uart-test/software/hello_sw_bsp//libhal_bsp.a(altera_avalon_jtag_uart_fd.o)
                0x000000000003291c                altera_avalon_jtag_uart_read_fd
                0x000000000003297c                altera_avalon_jtag_uart_write_fd
                0x00000000000329dc                altera_avalon_jtag_uart_close_fd
                0x0000000000032a2c                altera_avalon_jtag_uart_ioctl_fd
 .text          0x0000000000032a80      0x3cc /home/nik/eie/ip/lab4/jtag-uart-test/software/hello_sw_bsp//libhal_bsp.a(altera_avalon_jtag_uart_init.o)
                0x0000000000032a80                altera_avalon_jtag_uart_init
                0x0000000000032de4                altera_avalon_jtag_uart_close
 .text          0x0000000000032e4c       0xf4 /home/nik/eie/ip/lab4/jtag-uart-test/software/hello_sw_bsp//libhal_bsp.a(altera_avalon_jtag_uart_ioctl.o)
                0x0000000000032e4c                altera_avalon_jtag_uart_ioctl
 .text          0x0000000000032f40      0x220 /home/nik/eie/ip/lab4/jtag-uart-test/software/hello_sw_bsp//libhal_bsp.a(altera_avalon_jtag_uart_read.o)
                0x0000000000032f40                altera_avalon_jtag_uart_read
 .text          0x0000000000033160      0x228 /home/nik/eie/ip/lab4/jtag-uart-test/software/hello_sw_bsp//libhal_bsp.a(altera_avalon_jtag_uart_write.o)
                0x0000000000033160                altera_avalon_jtag_uart_write
 .text          0x0000000000033388       0xfc /home/nik/eie/ip/lab4/jtag-uart-test/software/hello_sw_bsp//libhal_bsp.a(altera_avalon_timer_sc.o)
                0x0000000000033408                alt_avalon_timer_sc_init
 .text          0x0000000000033484        0x0 /home/nik/eie/ip/lab4/jtag-uart-test/software/hello_sw_bsp//libhal_bsp.a(altera_avalon_timer_vars.o)
 .text          0x0000000000033484      0x3cc /home/nik/eie/ip/lab4/jtag-uart-test/software/hello_sw_bsp//libhal_bsp.a(altera_up_avalon_accelerometer_spi.o)
                0x0000000000033484                alt_up_accelerometer_spi_open_dev
                0x00000000000334c0                alt_up_accelerometer_spi_read_address_register
                0x0000000000033504                alt_up_accelerometer_spi_read
                0x000000000003356c                alt_up_accelerometer_spi_write
                0x00000000000335d4                alt_up_accelerometer_spi_read_x_axis
                0x00000000000336a8                alt_up_accelerometer_spi_read_y_axis
                0x000000000003377c                alt_up_accelerometer_spi_read_z_axis
 .text          0x0000000000033850      0x134 /home/nik/eie/ip/lab4/jtag-uart-test/software/hello_sw_bsp//libhal_bsp.a(alt_alarm_start.o)
                0x0000000000033850                alt_alarm_start
 .text          0x0000000000033984       0x4c /home/nik/eie/ip/lab4/jtag-uart-test/software/hello_sw_bsp//libhal_bsp.a(alt_dcache_flush_all.o)
                0x0000000000033984                alt_dcache_flush_all
 .text          0x00000000000339d0       0xe4 /home/nik/eie/ip/lab4/jtag-uart-test/software/hello_sw_bsp//libhal_bsp.a(alt_dev_llist_insert.o)
                0x0000000000033a0c                alt_dev_llist_insert
 .text          0x0000000000033ab4       0x64 /home/nik/eie/ip/lab4/jtag-uart-test/software/hello_sw_bsp//libhal_bsp.a(alt_do_ctors.o)
                0x0000000000033ab4                _do_ctors
 .text          0x0000000000033b18       0x64 /home/nik/eie/ip/lab4/jtag-uart-test/software/hello_sw_bsp//libhal_bsp.a(alt_do_dtors.o)
                0x0000000000033b18                _do_dtors
 .text          0x0000000000033b7c       0x90 /home/nik/eie/ip/lab4/jtag-uart-test/software/hello_sw_bsp//libhal_bsp.a(alt_find_dev.o)
                0x0000000000033b7c                alt_find_dev
 .text          0x0000000000033c0c      0x108 /home/nik/eie/ip/lab4/jtag-uart-test/software/hello_sw_bsp//libhal_bsp.a(alt_find_file.o)
                0x0000000000033c0c                alt_find_file
 .text          0x0000000000033d14       0xa0 /home/nik/eie/ip/lab4/jtag-uart-test/software/hello_sw_bsp//libhal_bsp.a(alt_get_fd.o)
                0x0000000000033d14                alt_get_fd
 .text          0x0000000000033db4       0x34 /home/nik/eie/ip/lab4/jtag-uart-test/software/hello_sw_bsp//libhal_bsp.a(alt_icache_flush_all.o)
                0x0000000000033db4                alt_icache_flush_all
 .text          0x0000000000033de8      0x12c /home/nik/eie/ip/lab4/jtag-uart-test/software/hello_sw_bsp//libhal_bsp.a(alt_io_redirect.o)
                0x0000000000033e98                alt_io_redirect
 .text          0x0000000000033f14        0x0 /home/nik/eie/ip/lab4/jtag-uart-test/software/hello_sw_bsp//libhal_bsp.a(alt_irq_entry.o)
 .text          0x0000000000033f14        0x0 /home/nik/eie/ip/lab4/jtag-uart-test/software/hello_sw_bsp//libhal_bsp.a(alt_irq_handler.o)
 .text          0x0000000000033f14      0x1ac /home/nik/eie/ip/lab4/jtag-uart-test/software/hello_sw_bsp//libhal_bsp.a(alt_tick.o)
                0x0000000000033f14                alt_alarm_stop
                0x0000000000033fb8                alt_tick
 .text          0x00000000000340c0       0x24 /home/nik/eie/ip/lab4/jtag-uart-test/software/hello_sw_bsp//libhal_bsp.a(altera_nios2_gen2_irq.o)
                0x00000000000340c0                altera_nios2_gen2_irq_init
 .text          0x00000000000340e4        0x0 /home/nik/eie/ip/lab4/jtag-uart-test/software/hello_sw_bsp//libhal_bsp.a(alt_exception_entry.o)
 .text          0x00000000000340e4       0x90 /home/nik/eie/ip/lab4/jtag-uart-test/software/hello_sw_bsp//libhal_bsp.a(alt_icache_flush.o)
                0x00000000000340e4                alt_icache_flush
 .text          0x0000000000034174       0x98 /home/nik/eie/ip/lab4/jtag-uart-test/software/hello_sw_bsp//libhal_bsp.a(alt_instruction_exception_entry.o)
                0x0000000000034174                alt_exception_cause_generated_bad_addr
 .text          0x000000000003420c        0x0 /home/nik/intelFPGA/nios2eds/bin/gnu/H-x86_64-pc-linux-gnu/bin/../lib/gcc/nios2-elf/9.2.1/../../../../../H-x86_64-pc-linux-gnu/nios2-elf/lib/libc.a(lib_a-atexit.o)
 .text.atexit   0x000000000003420c       0x14 /home/nik/intelFPGA/nios2eds/bin/gnu/H-x86_64-pc-linux-gnu/bin/../lib/gcc/nios2-elf/9.2.1/../../../../../H-x86_64-pc-linux-gnu/nios2-elf/lib/libc.a(lib_a-atexit.o)
                0x000000000003420c                atexit
 .text          0x0000000000034220        0x0 /home/nik/intelFPGA/nios2eds/bin/gnu/H-x86_64-pc-linux-gnu/bin/../lib/gcc/nios2-elf/9.2.1/../../../../../H-x86_64-pc-linux-gnu/nios2-elf/lib/libc.a(lib_a-exit.o)
 .text.exit     0x0000000000034220       0x34 /home/nik/intelFPGA/nios2eds/bin/gnu/H-x86_64-pc-linux-gnu/bin/../lib/gcc/nios2-elf/9.2.1/../../../../../H-x86_64-pc-linux-gnu/nios2-elf/lib/libc.a(lib_a-exit.o)
                0x0000000000034220                exit
 .text          0x0000000000034254        0x0 /home/nik/intelFPGA/nios2eds/bin/gnu/H-x86_64-pc-linux-gnu/bin/../lib/gcc/nios2-elf/9.2.1/../../../../../H-x86_64-pc-linux-gnu/nios2-elf/lib/libc.a(lib_a-memcmp.o)
 .text.memcmp   0x0000000000034254       0x78 /home/nik/intelFPGA/nios2eds/bin/gnu/H-x86_64-pc-linux-gnu/bin/../lib/gcc/nios2-elf/9.2.1/../../../../../H-x86_64-pc-linux-gnu/nios2-elf/lib/libc.a(lib_a-memcmp.o)
                0x0000000000034254                memcmp
 .text          0x00000000000342cc        0x0 /home/nik/intelFPGA/nios2eds/bin/gnu/H-x86_64-pc-linux-gnu/bin/../lib/gcc/nios2-elf/9.2.1/../../../../../H-x86_64-pc-linux-gnu/nios2-elf/lib/libc.a(lib_a-putchar.o)
 .text._putchar_r
                0x00000000000342cc        0x8 /home/nik/intelFPGA/nios2eds/bin/gnu/H-x86_64-pc-linux-gnu/bin/../lib/gcc/nios2-elf/9.2.1/../../../../../H-x86_64-pc-linux-gnu/nios2-elf/lib/libc.a(lib_a-putchar.o)
                0x00000000000342cc                _putchar_r
 .text.putchar  0x00000000000342d4       0x18 /home/nik/intelFPGA/nios2eds/bin/gnu/H-x86_64-pc-linux-gnu/bin/../lib/gcc/nios2-elf/9.2.1/../../../../../H-x86_64-pc-linux-gnu/nios2-elf/lib/libc.a(lib_a-putchar.o)
                0x00000000000342d4                putchar
 .text          0x00000000000342ec        0x0 /home/nik/intelFPGA/nios2eds/bin/gnu/H-x86_64-pc-linux-gnu/bin/../lib/gcc/nios2-elf/9.2.1/../../../../../H-x86_64-pc-linux-gnu/nios2-elf/lib/libc.a(lib_a-__atexit.o)
 .text.__register_exitproc
                0x00000000000342ec       0x90 /home/nik/intelFPGA/nios2eds/bin/gnu/H-x86_64-pc-linux-gnu/bin/../lib/gcc/nios2-elf/9.2.1/../../../../../H-x86_64-pc-linux-gnu/nios2-elf/lib/libc.a(lib_a-__atexit.o)
                0x00000000000342ec                __register_exitproc
 .text          0x000000000003437c        0x0 /home/nik/intelFPGA/nios2eds/bin/gnu/H-x86_64-pc-linux-gnu/bin/../lib/gcc/nios2-elf/9.2.1/../../../../../H-x86_64-pc-linux-gnu/nios2-elf/lib/libc.a(lib_a-__call_atexit.o)
 .text.__call_exitprocs
                0x000000000003437c      0x120 /home/nik/intelFPGA/nios2eds/bin/gnu/H-x86_64-pc-linux-gnu/bin/../lib/gcc/nios2-elf/9.2.1/../../../../../H-x86_64-pc-linux-gnu/nios2-elf/lib/libc.a(lib_a-__call_atexit.o)
                0x000000000003437c                __call_exitprocs
 .text          0x000000000003449c        0x0 /home/nik/intelFPGA/nios2eds/bin/gnu/H-x86_64-pc-linux-gnu/bin/../lib/gcc/nios2-elf/9.2.1/../../../../../H-x86_64-pc-linux-gnu/nios2-elf/lib/libc.a(lib_a-putc.o)
 .text._putc_r  0x000000000003449c       0xcc /home/nik/intelFPGA/nios2eds/bin/gnu/H-x86_64-pc-linux-gnu/bin/../lib/gcc/nios2-elf/9.2.1/../../../../../H-x86_64-pc-linux-gnu/nios2-elf/lib/libc.a(lib_a-putc.o)
                0x000000000003449c                _putc_r
 .text.putc     0x0000000000034568       0xe0 /home/nik/intelFPGA/nios2eds/bin/gnu/H-x86_64-pc-linux-gnu/bin/../lib/gcc/nios2-elf/9.2.1/../../../../../H-x86_64-pc-linux-gnu/nios2-elf/lib/libc.a(lib_a-putc.o)
                0x0000000000034568                putc
 *(.gnu.warning.*)
 *(.fini)
                [!provide]                        PROVIDE (__etext = ABSOLUTE (.))
                [!provide]                        PROVIDE (_etext = ABSOLUTE (.))
                [!provide]                        PROVIDE (etext = ABSOLUTE (.))
 *(.eh_frame_hdr)
                0x0000000000034648                . = ALIGN (0x4)
                [!provide]                        PROVIDE (__preinit_array_start = ABSOLUTE (.))
 *(.preinit_array)
                [!provide]                        PROVIDE (__preinit_array_end = ABSOLUTE (.))
                [!provide]                        PROVIDE (__init_array_start = ABSOLUTE (.))
 *(.init_array)
                [!provide]                        PROVIDE (__init_array_end = ABSOLUTE (.))
                [!provide]                        PROVIDE (__fini_array_start = ABSOLUTE (.))
 *(.fini_array)
                [!provide]                        PROVIDE (__fini_array_end = ABSOLUTE (.))
 *(.eh_frame)
 *(.gcc_except_table .gcc_except_table.*)
 *(.dynamic)
                0x0000000000034648                PROVIDE (__CTOR_LIST__ = ABSOLUTE (.))
 *(.ctors)
 *(SORT_BY_NAME(.ctors.*))
                0x0000000000034648                PROVIDE (__CTOR_END__ = ABSOLUTE (.))
                0x0000000000034648                PROVIDE (__DTOR_LIST__ = ABSOLUTE (.))
 *(.dtors)
 *(SORT_BY_NAME(.dtors.*))
                0x0000000000034648                PROVIDE (__DTOR_END__ = ABSOLUTE (.))
 *(.jcr)
                0x0000000000034648                . = ALIGN (0x4)

.rodata         0x0000000000034648      0xa38
                0x0000000000034648                PROVIDE (__ram_rodata_start = ABSOLUTE (.))
                0x0000000000034648                . = ALIGN (0x4)
 *(.rodata .rodata.* .gnu.linkonce.r.*)
 .rodata        0x0000000000034648      0x228 obj/default/hello_world.o
 .rodata        0x0000000000034870      0x100 /home/nik/intelFPGA/nios2eds/bin/gnu/H-x86_64-pc-linux-gnu/bin/../lib/gcc/nios2-elf/9.2.1/libgcc.a(_clz.o)
                0x0000000000034870                __clz_tab
 .rodata._puts_r.str1.4
                0x0000000000034970        0x2 /home/nik/intelFPGA/nios2eds/bin/gnu/H-x86_64-pc-linux-gnu/bin/../lib/gcc/nios2-elf/9.2.1/../../../../../H-x86_64-pc-linux-gnu/nios2-elf/lib/libc.a(lib_a-puts.o)
 *fill*         0x0000000000034972        0x2 
 .rodata._strtod_l.str1.4
                0x0000000000034974        0xf /home/nik/intelFPGA/nios2eds/bin/gnu/H-x86_64-pc-linux-gnu/bin/../lib/gcc/nios2-elf/9.2.1/../../../../../H-x86_64-pc-linux-gnu/nios2-elf/lib/libc.a(lib_a-strtod.o)
 *fill*         0x0000000000034983        0x1 
 .rodata.fpinan.4101
                0x0000000000034984       0x14 /home/nik/intelFPGA/nios2eds/bin/gnu/H-x86_64-pc-linux-gnu/bin/../lib/gcc/nios2-elf/9.2.1/../../../../../H-x86_64-pc-linux-gnu/nios2-elf/lib/libc.a(lib_a-strtod.o)
 .rodata.fpi.4065
                0x0000000000034998       0x14 /home/nik/intelFPGA/nios2eds/bin/gnu/H-x86_64-pc-linux-gnu/bin/../lib/gcc/nios2-elf/9.2.1/../../../../../H-x86_64-pc-linux-gnu/nios2-elf/lib/libc.a(lib_a-strtod.o)
 .rodata.tinytens
                0x00000000000349ac       0x28 /home/nik/intelFPGA/nios2eds/bin/gnu/H-x86_64-pc-linux-gnu/bin/../lib/gcc/nios2-elf/9.2.1/../../../../../H-x86_64-pc-linux-gnu/nios2-elf/lib/libc.a(lib_a-strtod.o)
 .rodata.___vfprintf_internal_r.str1.4
                0x00000000000349d4       0x42 /home/nik/intelFPGA/nios2eds/bin/gnu/H-x86_64-pc-linux-gnu/bin/../lib/gcc/nios2-elf/9.2.1/../../../../../H-x86_64-pc-linux-gnu/nios2-elf/lib/libc.a(lib_a-vfprintf.o)
 *fill*         0x0000000000034a16        0x2 
 .rodata.zeroes.5177
                0x0000000000034a18       0x10 /home/nik/intelFPGA/nios2eds/bin/gnu/H-x86_64-pc-linux-gnu/bin/../lib/gcc/nios2-elf/9.2.1/../../../../../H-x86_64-pc-linux-gnu/nios2-elf/lib/libc.a(lib_a-vfprintf.o)
 .rodata.blanks.5176
                0x0000000000034a28       0x10 /home/nik/intelFPGA/nios2eds/bin/gnu/H-x86_64-pc-linux-gnu/bin/../lib/gcc/nios2-elf/9.2.1/../../../../../H-x86_64-pc-linux-gnu/nios2-elf/lib/libc.a(lib_a-vfprintf.o)
 .rodata._dtoa_r.str1.4
                0x0000000000034a38       0x5e /home/nik/intelFPGA/nios2eds/bin/gnu/H-x86_64-pc-linux-gnu/bin/../lib/gcc/nios2-elf/9.2.1/../../../../../H-x86_64-pc-linux-gnu/nios2-elf/lib/libc.a(lib_a-dtoa.o)
                                         0x62 (size before relaxing)
 *fill*         0x0000000000034a96        0x2 
 .rodata.__gethex.str1.4
                0x0000000000034a98       0x42 /home/nik/intelFPGA/nios2eds/bin/gnu/H-x86_64-pc-linux-gnu/bin/../lib/gcc/nios2-elf/9.2.1/../../../../../H-x86_64-pc-linux-gnu/nios2-elf/lib/libc.a(lib_a-gdtoa-gethex.o)
                                         0x56 (size before relaxing)
 *fill*         0x0000000000034ada        0x2 
 .rodata.__hexdig
                0x0000000000034adc      0x100 /home/nik/intelFPGA/nios2eds/bin/gnu/H-x86_64-pc-linux-gnu/bin/../lib/gcc/nios2-elf/9.2.1/../../../../../H-x86_64-pc-linux-gnu/nios2-elf/lib/libc.a(lib_a-gdtoa-gethex.o)
                0x0000000000034adc                __hexdig
 .rodata.str1.4
                0x0000000000034bdc        0x2 /home/nik/intelFPGA/nios2eds/bin/gnu/H-x86_64-pc-linux-gnu/bin/../lib/gcc/nios2-elf/9.2.1/../../../../../H-x86_64-pc-linux-gnu/nios2-elf/lib/libc.a(lib_a-lnumeric.o)
                                          0x5 (size before relaxing)
 *fill*         0x0000000000034bde        0x2 
 .rodata._C_numeric_locale
                0x0000000000034be0        0xc /home/nik/intelFPGA/nios2eds/bin/gnu/H-x86_64-pc-linux-gnu/bin/../lib/gcc/nios2-elf/9.2.1/../../../../../H-x86_64-pc-linux-gnu/nios2-elf/lib/libc.a(lib_a-lnumeric.o)
                0x0000000000034be0                _C_numeric_locale
 .rodata._setlocale_r.str1.4
                0x0000000000034bec        0xa /home/nik/intelFPGA/nios2eds/bin/gnu/H-x86_64-pc-linux-gnu/bin/../lib/gcc/nios2-elf/9.2.1/../../../../../H-x86_64-pc-linux-gnu/nios2-elf/lib/libc.a(lib_a-locale.o)
 .rodata.str1.4
                0x0000000000034bf6        0x5 /home/nik/intelFPGA/nios2eds/bin/gnu/H-x86_64-pc-linux-gnu/bin/../lib/gcc/nios2-elf/9.2.1/../../../../../H-x86_64-pc-linux-gnu/nios2-elf/lib/libc.a(lib_a-locale.o)
 *fill*         0x0000000000034bf6        0x2 
 .rodata.__multadd.str1.4
                0x0000000000034bf8       0x3b /home/nik/intelFPGA/nios2eds/bin/gnu/H-x86_64-pc-linux-gnu/bin/../lib/gcc/nios2-elf/9.2.1/../../../../../H-x86_64-pc-linux-gnu/nios2-elf/lib/libc.a(lib_a-mprec.o)
                                         0x4f (size before relaxing)
 *fill*         0x0000000000034c33        0x1 
 .rodata.p05.3991
                0x0000000000034c34        0xc /home/nik/intelFPGA/nios2eds/bin/gnu/H-x86_64-pc-linux-gnu/bin/../lib/gcc/nios2-elf/9.2.1/../../../../../H-x86_64-pc-linux-gnu/nios2-elf/lib/libc.a(lib_a-mprec.o)
 .rodata.__mprec_tinytens
                0x0000000000034c40       0x28 /home/nik/intelFPGA/nios2eds/bin/gnu/H-x86_64-pc-linux-gnu/bin/../lib/gcc/nios2-elf/9.2.1/../../../../../H-x86_64-pc-linux-gnu/nios2-elf/lib/libc.a(lib_a-mprec.o)
                0x0000000000034c40                __mprec_tinytens
 .rodata.__mprec_bigtens
                0x0000000000034c68       0x28 /home/nik/intelFPGA/nios2eds/bin/gnu/H-x86_64-pc-linux-gnu/bin/../lib/gcc/nios2-elf/9.2.1/../../../../../H-x86_64-pc-linux-gnu/nios2-elf/lib/libc.a(lib_a-mprec.o)
                0x0000000000034c68                __mprec_bigtens
 .rodata.__mprec_tens
                0x0000000000034c90       0xc8 /home/nik/intelFPGA/nios2eds/bin/gnu/H-x86_64-pc-linux-gnu/bin/../lib/gcc/nios2-elf/9.2.1/../../../../../H-x86_64-pc-linux-gnu/nios2-elf/lib/libc.a(lib_a-mprec.o)
                0x0000000000034c90                __mprec_tens
 .rodata.___vfiprintf_internal_r.str1.4
                0x0000000000034d58       0x2f /home/nik/intelFPGA/nios2eds/bin/gnu/H-x86_64-pc-linux-gnu/bin/../lib/gcc/nios2-elf/9.2.1/../../../../../H-x86_64-pc-linux-gnu/nios2-elf/lib/libc.a(lib_a-vfiprintf.o)
 .rodata.zeroes.5154
                0x0000000000034d58       0x10 /home/nik/intelFPGA/nios2eds/bin/gnu/H-x86_64-pc-linux-gnu/bin/../lib/gcc/nios2-elf/9.2.1/../../../../../H-x86_64-pc-linux-gnu/nios2-elf/lib/libc.a(lib_a-vfiprintf.o)
 .rodata.blanks.5153
                0x0000000000034d68       0x10 /home/nik/intelFPGA/nios2eds/bin/gnu/H-x86_64-pc-linux-gnu/bin/../lib/gcc/nios2-elf/9.2.1/../../../../../H-x86_64-pc-linux-gnu/nios2-elf/lib/libc.a(lib_a-vfiprintf.o)
 .rodata.__assert_func.str1.4
                0x0000000000034d78       0x40 /home/nik/intelFPGA/nios2eds/bin/gnu/H-x86_64-pc-linux-gnu/bin/../lib/gcc/nios2-elf/9.2.1/../../../../../H-x86_64-pc-linux-gnu/nios2-elf/lib/libc.a(lib_a-assert.o)
                                         0x43 (size before relaxing)
 .rodata._ctype_
                0x0000000000034db8      0x101 /home/nik/intelFPGA/nios2eds/bin/gnu/H-x86_64-pc-linux-gnu/bin/../lib/gcc/nios2-elf/9.2.1/../../../../../H-x86_64-pc-linux-gnu/nios2-elf/lib/libc.a(lib_a-ctype_.o)
                0x0000000000034db8                _ctype_
 *fill*         0x0000000000034eb9        0x3 
 .rodata._ctype_b
                0x0000000000034ebc      0x180 /home/nik/intelFPGA/nios2eds/bin/gnu/H-x86_64-pc-linux-gnu/bin/../lib/gcc/nios2-elf/9.2.1/../../../../../H-x86_64-pc-linux-gnu/nios2-elf/lib/libc.a(lib_a-ctype_.o)
                0x0000000000034ebc                _ctype_b
 .rodata        0x000000000003503c        0xa /home/nik/eie/ip/lab4/jtag-uart-test/software/hello_sw_bsp//libhal_bsp.a(alt_dev.o)
 *fill*         0x0000000000035046        0x2 
 .rodata        0x0000000000035048        0xf /home/nik/eie/ip/lab4/jtag-uart-test/software/hello_sw_bsp//libhal_bsp.a(alt_main.o)
 *fill*         0x0000000000035057        0x1 
 .rodata        0x0000000000035058       0x27 /home/nik/eie/ip/lab4/jtag-uart-test/software/hello_sw_bsp//libhal_bsp.a(alt_sys_init.o)
 *(.rodata1)
                0x0000000000035080                . = ALIGN (0x4)
 *fill*         0x000000000003507f        0x1 
                0x0000000000035080                PROVIDE (__ram_rodata_end = ABSOLUTE (.))
                0x0000000000034648                PROVIDE (__flash_rodata_start = LOADADDR (.rodata))

.rwdata         0x0000000000035080     0x1c08 load address 0x0000000000036c88
                0x0000000000035080                PROVIDE (__ram_rwdata_start = ABSOLUTE (.))
                0x0000000000035080                . = ALIGN (0x4)
 *(.got.plt)
 *(.got)
 *(.data1)
 *(.data .data.* .gnu.linkonce.d.*)
 .data          0x0000000000035080        0x0 /home/nik/eie/ip/lab4/jtag-uart-test/software/hello_sw_bsp//obj/HAL/src/crt0.o
 .data          0x0000000000035080        0x0 obj/default/hello_world.o
 .data          0x0000000000035080        0x0 /home/nik/intelFPGA/nios2eds/bin/gnu/H-x86_64-pc-linux-gnu/bin/../lib/gcc/nios2-elf/9.2.1/../../../../../H-x86_64-pc-linux-gnu/nios2-elf/lib/libm.a(lib_a-s_round.o)
 .data          0x0000000000035080        0x0 /home/nik/intelFPGA/nios2eds/bin/gnu/H-x86_64-pc-linux-gnu/bin/../lib/gcc/nios2-elf/9.2.1/libgcc.a(lib2-divmod.o)
 .data          0x0000000000035080        0x0 /home/nik/intelFPGA/nios2eds/bin/gnu/H-x86_64-pc-linux-gnu/bin/../lib/gcc/nios2-elf/9.2.1/libgcc.a(addsf3.o)
 .data          0x0000000000035080        0x0 /home/nik/intelFPGA/nios2eds/bin/gnu/H-x86_64-pc-linux-gnu/bin/../lib/gcc/nios2-elf/9.2.1/libgcc.a(mulsf3.o)
 .data          0x0000000000035080        0x0 /home/nik/intelFPGA/nios2eds/bin/gnu/H-x86_64-pc-linux-gnu/bin/../lib/gcc/nios2-elf/9.2.1/libgcc.a(fixsfsi.o)
 .data          0x0000000000035080        0x0 /home/nik/intelFPGA/nios2eds/bin/gnu/H-x86_64-pc-linux-gnu/bin/../lib/gcc/nios2-elf/9.2.1/libgcc.a(floatsisf.o)